******************************************************************************
                  MSP430 Linker PC v20.2.1                     
******************************************************************************
>> Linked Thu Jun 18 00:35:34 2020

OUTPUT FILE NAME:   <Distance_Detect.out>
ENTRY POINT SYMBOL: "_c_int00_noargs"  address: 0000df92


MEMORY CONFIGURATION

         name            origin    length      used     unused   attr    fill
----------------------  --------  ---------  --------  --------  ----  --------
  SFR                   00000000   00000010  00000000  00000010  RWIX
  PERIPHERALS_8BIT      00000010   000000f0  00000000  000000f0  RWIX
  PERIPHERALS_16BIT     00000100   00000100  00000000  00000100  RWIX
  RAM                   00000200   00000200  00000074  0000018c  RWIX
  INFOD                 00001000   00000040  00000000  00000040  RWIX
  INFOC                 00001040   00000040  00000000  00000040  RWIX
  INFOB                 00001080   00000040  00000000  00000040  RWIX
  INFOA                 000010c0   00000040  00000000  00000040  RWIX
  FLASH                 0000c000   00003fde  000020e0  00001efe  RWIX
  BSLSIGNATURE          0000ffde   00000002  00000002  00000000  RWIX  ffff 
  INT00                 0000ffe0   00000002  00000002  00000000  RWIX
  INT01                 0000ffe2   00000002  00000000  00000002  RWIX
  INT02                 0000ffe4   00000002  00000002  00000000  RWIX
  INT03                 0000ffe6   00000002  00000002  00000000  RWIX
  INT04                 0000ffe8   00000002  00000000  00000002  RWIX
  INT05                 0000ffea   00000002  00000002  00000000  RWIX
  INT06                 0000ffec   00000002  00000002  00000000  RWIX
  INT07                 0000ffee   00000002  00000002  00000000  RWIX
  INT08                 0000fff0   00000002  00000002  00000000  RWIX
  INT09                 0000fff2   00000002  00000002  00000000  RWIX
  INT10                 0000fff4   00000002  00000002  00000000  RWIX
  INT11                 0000fff6   00000002  00000002  00000000  RWIX
  INT12                 0000fff8   00000002  00000002  00000000  RWIX
  INT13                 0000fffa   00000002  00000002  00000000  RWIX
  INT14                 0000fffc   00000002  00000002  00000000  RWIX
  RESET                 0000fffe   00000002  00000002  00000000  RWIX


SECTION ALLOCATION MAP

 output                                  attributes/
section   page    origin      length       input sections
--------  ----  ----------  ----------   ----------------
.data      0    00000200    00000024     UNINITIALIZED
                  00000200    00000010     LCD_128.obj (.data:LCD_Buffer)
                  00000210    00000010     main.obj (.data)
                  00000220    00000004     TCA6416A.obj (.data)

.stack     0    000003b0    00000050     UNINITIALIZED
                  000003b0    00000002     rts430_eabi.lib : boot.c.obj (.stack)
                  000003b2    0000004e     --HOLE--

.text      0    0000c000    000020ce     
                  0000c000    0000053a     LCD_128.obj (.text:LCD_DisplayDigit)
                  0000c53a    000002fa     rts430_eabi.lib : addd.c.obj (.text:__mspabi_addd)
                  0000c834    00000286                     : frcmpyd.c.obj (.text:__TI_frcmpyd)
                  0000caba    0000026e                     : mpyd.c.obj (.text:__mspabi_mpyd)
                  0000cd28    00000260                     : frcaddd.c.obj (.text:__TI_frcaddd)
                  0000cf88    000001a2     main.obj (.text:cal_distance)
                  0000d12a    00000132     rts430_eabi.lib : fs_add.asm.obj (.text)
                  0000d25c    000000e4     HT1621.obj (.text:HT1621_init)
                  0000d340    000000d8     main.obj (.text:Distance_Display)
                  0000d418    000000c4     rts430_eabi.lib : fs_mpy.asm.obj (.text)
                  0000d4dc    000000be                     : renormd.c.obj (.text:__TI_renormd)
                  0000d59a    000000bc     main.obj (.text:display_my_info)
                  0000d656    000000b4     TCA6416A.obj (.text:PinOUT)
                  0000d70a    000000ac     rts430_eabi.lib : fltlid.c.obj (.text:__mspabi_fltlid)
                  0000d7b6    0000009c                     : fs_div.asm.obj (.text)
                  0000d852    0000008c                     : cvtdf.c.obj (.text:__mspabi_cvtdf)
                  0000d8de    00000088     HT1621.obj (.text:HT1621_Reflash)
                  0000d966    0000007c     rts430_eabi.lib : copy_decompress_lzss.c.obj (.text:decompress:lzss:__TI_decompress_lzss)
                  0000d9e2    00000070                     : cvtfd.c.obj (.text:__mspabi_cvtfd)
                  0000da52    0000006e     TCA6416A.obj (.text:TCA6416A_Init)
                  0000dac0    00000068     rts430_eabi.lib : fs_toi.asm.obj (.text)
                  0000db28    0000005c                     : lsr32.asm.obj (.text:l_lsr_const)
                  0000db84    00000056     I2C.obj (.text:Send_Char)
                  0000dbda    0000004c     main.obj (.text:TIMER1_A1_ISR)
                  0000dc26    0000004c     rts430_eabi.lib : lsr16.asm.obj (.text)
                  0000dc72    00000042                     : autoinit.c.obj (.text:__TI_auto_init_nobinit_nopinit:__TI_auto_init_nobinit_nopinit)
                  0000dcb4    00000042     main.obj (.text:main)
                  0000dcf6    0000003e     rts430_eabi.lib : asr32.asm.obj (.text:l_asr_const)
                  0000dd34    0000003e                     : lsl32.asm.obj (.text:l_lsl_const)
                  0000dd72    00000036     HT1621.obj (.text:HT1621_SendBit)
                  0000dda8    00000036     I2C.obj (.text:I2C_TxFrame)
                  0000ddde    00000036     rts430_eabi.lib : fs_itof.asm.obj (.text)
                  0000de14    0000002e                     : subd.c.obj (.text:__mspabi_subd)
                  0000de42    0000002c                     : asr16.asm.obj (.text)
                  0000de6e    0000002c                     : div16s.asm.obj (.text)
                  0000de9a    0000002c                     : lsl16.asm.obj (.text)
                  0000dec6    00000026     I2C.obj (.text:Start)
                  0000deec    00000026     I2C.obj (.text:Stop)
                  0000df12    00000026     rts430_eabi.lib : mult32.asm.obj (.text)
                  0000df38    0000001e     I2C.obj (.text:I2C_Init)
                  0000df56    0000001e     LCD_128.obj (.text:LCD_ClearSeg)
                  0000df74    0000001e     LCD_128.obj (.text:LCD_DisplaySeg)
                  0000df92    0000001c     rts430_eabi.lib : boot.c.obj (.text:_c_int00_noargs)
                  0000dfae    0000001a     main.obj (.text:timer0_init)
                  0000dfc8    00000018     TCA6416A.obj (.text:TCA6416_Tx_Frame)
                  0000dfe0    00000016     LCD_128.obj (.text:LCD_Clear)
                  0000dff6    00000016     rts430_eabi.lib : div16u.asm.obj (.text)
                  0000e00c    00000014                     : memset.c.obj (.text:memset)
                  0000e020    00000012                     : copy_decompress_none.c.obj (.text:decompress:none:__TI_decompress_none)
                  0000e032    00000012     main.obj (.text:gpio_init)
                  0000e044    00000012     rts430_eabi.lib : lsr32.asm.obj (.text:l_lsr)
                  0000e056    00000012                     : memcpy.c.obj (.text:memcpy)
                  0000e068    00000010                     : asr32.asm.obj (.text:l_asr)
                  0000e078    00000010                     : lsl32.asm.obj (.text:l_lsl)
                  0000e088    00000010                     : epilog.asm.obj (.text)
                  0000e098    0000000e     main.obj (.text:timer1_init)
                  0000e0a6    0000000c     rts430_eabi.lib : fltid.c.obj (.text:__mspabi_fltid)
                  0000e0b2    00000008                     : isr_trap.asm.obj (.text:_isr:__TI_ISR_TRAP)
                  0000e0ba    00000006                     : exit.c.obj (.text:abort)
                  0000e0c0    00000006     main.obj (.text:timer1_stop)
                  0000e0c6    00000004     rts430_eabi.lib : pre_init.c.obj (.text:_system_pre_init)
                  0000e0ca    00000002     I2C.obj (.text:I2C_Tx_Init)
                  0000e0cc    00000002     rts430_eabi.lib : startup.c.obj (.text:_system_post_cinit)

.cinit     0    0000e0ce    00000012     
                  0000e0ce    0000000a     (.cinit..data.load) [load image, compression = lzss]
                  0000e0d8    00000004     (__TI_handler_table)
                  0000e0dc    00000004     (__TI_cinit_table)

.binit     0    0000c000    00000000     

.init_array 
*          0    0000c000    00000000     UNINITIALIZED

TRAPINT    0    0000ffe0    00000002     
                  0000ffe0    00000002     rts430_eabi.lib : int00.asm.obj (.int00)

PORT1      0    0000ffe4    00000002     
                  0000ffe4    00000002     rts430_eabi.lib : int02.asm.obj (.int02)

PORT2      0    0000ffe6    00000002     
                  0000ffe6    00000002     rts430_eabi.lib : int03.asm.obj (.int03)

ADC10      0    0000ffea    00000002     
                  0000ffea    00000002     rts430_eabi.lib : int05.asm.obj (.int05)

USCIAB0TX 
*          0    0000ffec    00000002     
                  0000ffec    00000002     rts430_eabi.lib : int06.asm.obj (.int06)

USCIAB0RX 
*          0    0000ffee    00000002     
                  0000ffee    00000002     rts430_eabi.lib : int07.asm.obj (.int07)

TIMER0_A1 
*          0    0000fff0    00000002     
                  0000fff0    00000002     rts430_eabi.lib : int08.asm.obj (.int08)

TIMER0_A0 
*          0    0000fff2    00000002     
                  0000fff2    00000002     rts430_eabi.lib : int09.asm.obj (.int09)

WDT        0    0000fff4    00000002     
                  0000fff4    00000002     rts430_eabi.lib : int10.asm.obj (.int10)

COMPARATORA 
*          0    0000fff6    00000002     
                  0000fff6    00000002     rts430_eabi.lib : int11.asm.obj (.int11)

TIMER1_A1 
*          0    0000fff8    00000002     
                  0000fff8    00000002     main.obj (.int12)

TIMER1_A0 
*          0    0000fffa    00000002     
                  0000fffa    00000002     rts430_eabi.lib : int13.asm.obj (.int13)

NMI        0    0000fffc    00000002     
                  0000fffc    00000002     rts430_eabi.lib : int14.asm.obj (.int14)

.reset     0    0000fffe    00000002     
                  0000fffe    00000002     rts430_eabi.lib : boot.c.obj (.reset)

$fill000   0    0000ffde    00000002     
                  0000ffde    00000002     --HOLE-- [fill = ffff]

MODULE SUMMARY

       Module                       code   ro data   rw data
       ------                       ----   -------   -------
    .\
       main.obj                     1028   2         16     
    +--+----------------------------+------+---------+---------+
       Total:                       1028   2         16     
                                                            
    .\src\
       LCD_128.obj                  1420   0         16     
       HT1621.obj                   418    0         0      
       TCA6416A.obj                 314    0         4      
       I2C.obj                      248    0         0      
    +--+----------------------------+------+---------+---------+
       Total:                       2400   0         20     
                                                            
    C:\ti\ccs1010\ccs\tools\compiler\ti-cgt-msp430_20.2.1.LTS\lib\rts430_eabi.lib
       addd.c.obj                   762    0         0      
       frcmpyd.c.obj                646    0         0      
       mpyd.c.obj                   622    0         0      
       frcaddd.c.obj                608    0         0      
       fs_add.asm.obj               306    0         0      
       fs_mpy.asm.obj               196    0         0      
       renormd.c.obj                190    0         0      
       fltlid.c.obj                 172    0         0      
       fs_div.asm.obj               156    0         0      
       cvtdf.c.obj                  140    0         0      
       copy_decompress_lzss.c.obj   124    0         0      
       cvtfd.c.obj                  112    0         0      
       lsr32.asm.obj                110    0         0      
       fs_toi.asm.obj               104    0         0      
       asr32.asm.obj                78     0         0      
       lsl32.asm.obj                78     0         0      
       lsr16.asm.obj                76     0         0      
       autoinit.c.obj               66     0         0      
       fs_itof.asm.obj              54     0         0      
       subd.c.obj                   46     0         0      
       asr16.asm.obj                44     0         0      
       div16s.asm.obj               44     0         0      
       lsl16.asm.obj                44     0         0      
       mult32.asm.obj               38     0         0      
       boot.c.obj                   28     2         0      
       div16u.asm.obj               22     0         0      
       memset.c.obj                 20     0         0      
       copy_decompress_none.c.obj   18     0         0      
       memcpy.c.obj                 18     0         0      
       epilog.asm.obj               16     0         0      
       fltid.c.obj                  12     0         0      
       isr_trap.asm.obj             8      0         0      
       exit.c.obj                   6      0         0      
       pre_init.c.obj               4      0         0      
       int00.asm.obj                0      2         0      
       int02.asm.obj                0      2         0      
       int03.asm.obj                0      2         0      
       int05.asm.obj                0      2         0      
       int06.asm.obj                0      2         0      
       int07.asm.obj                0      2         0      
       int08.asm.obj                0      2         0      
       int09.asm.obj                0      2         0      
       int10.asm.obj                0      2         0      
       int11.asm.obj                0      2         0      
       int13.asm.obj                0      2         0      
       int14.asm.obj                0      2         0      
       startup.c.obj                2      0         0      
    +--+----------------------------+------+---------+---------+
       Total:                       4970   26        0      
                                                            
       Stack:                       0      0         80     
       Linker Generated:            0      18        0      
    +--+----------------------------+------+---------+---------+
       Grand Total:                 8398   46        116    


LINKER GENERATED COPY TABLES

__TI_cinit_table @ 0000e0dc records: 1, size/record: 4, table size: 4
	.data: load addr=0000e0ce, load size=0000000a bytes, run addr=00000200, run size=00000024 bytes, compression=lzss


LINKER GENERATED HANDLER TABLE

__TI_handler_table @ 0000e0d8 records: 2, size/record: 2, table size: 4
	index: 0, handler: __TI_decompress_lzss
	index: 1, handler: __TI_decompress_none


GLOBAL SYMBOLS: SORTED ALPHABETICALLY BY Name 

address   name                          
-------   ----                          
0000004a  ADC10AE0                      
000001b0  ADC10CTL0                     
000001b2  ADC10CTL1                     
00000048  ADC10DTC0                     
00000049  ADC10DTC1                     
000001b4  ADC10MEM                      
000001bc  ADC10SA                       
00000057  BCSCTL1                       
00000058  BCSCTL2                       
00000053  BCSCTL3                       
0000e0ba  C$$EXIT                       
00000059  CACTL1                        
0000005a  CACTL2                        
000010fb  CALBC1_12MHZ                  
000010f9  CALBC1_16MHZ                  
000010ff  CALBC1_1MHZ                   
000010fd  CALBC1_8MHZ                   
000010fa  CALDCO_12MHZ                  
000010f8  CALDCO_16MHZ                  
000010fe  CALDCO_1MHZ                   
000010fc  CALDCO_8MHZ                   
0000005b  CAPD                          
00000056  DCOCTL                        
0000d340  Distance_Display              
00000128  FCTL1                         
0000012a  FCTL2                         
0000012c  FCTL3                         
00000212  FEdge                         
0000d8de  HT1621_Reflash                
0000dd72  HT1621_SendBit                
0000d25c  HT1621_init                   
0000df38  I2C_Init                      
0000dda8  I2C_TxFrame                   
0000e0ca  I2C_Tx_Init                   
00000000  IE1                           
00000001  IE2                           
00000002  IFG1                          
00000003  IFG2                          
00000200  LCD_Buffer                    
0000dfe0  LCD_Clear                     
0000df56  LCD_ClearSeg                  
0000c000  LCD_DisplayDigit              
0000df74  LCD_DisplaySeg                
0000d25c  LCD_Init                      
00000022  P1DIR                         
00000025  P1IE                          
00000024  P1IES                         
00000023  P1IFG                         
00000020  P1IN                          
00000021  P1OUT                         
00000027  P1REN                         
00000026  P1SEL                         
00000041  P1SEL2                        
0000002a  P2DIR                         
0000002d  P2IE                          
0000002c  P2IES                         
0000002b  P2IFG                         
00000028  P2IN                          
00000029  P2OUT                         
0000002f  P2REN                         
0000002e  P2SEL                         
00000042  P2SEL2                        
0000001a  P3DIR                         
00000018  P3IN                          
00000019  P3OUT                         
00000010  P3REN                         
0000001b  P3SEL                         
00000043  P3SEL2                        
0000d656  PinOUT                        
00000210  REdge                         
0000db84  Send_Char                     
0000dec6  Start                         
0000deec  Stop                          
00000172  TA0CCR0                       
00000174  TA0CCR1                       
00000176  TA0CCR2                       
00000162  TA0CCTL0                      
00000164  TA0CCTL1                      
00000166  TA0CCTL2                      
00000160  TA0CTL                        
0000012e  TA0IV                         
00000170  TA0R                          
00000192  TA1CCR0                       
00000194  TA1CCR1                       
00000196  TA1CCR2                       
00000182  TA1CCTL0                      
00000184  TA1CCTL1                      
00000186  TA1CCTL2                      
00000180  TA1CTL                        
0000011e  TA1IV                         
00000190  TA1R                          
0000da52  TCA6416A_Init                 
00000220  TCA6416A_InputBuffer          
0000dfc8  TCA6416_Tx_Frame              
0000dbda  TIMER1_A1_ISR                 
000010db  TLV_ADC10_1_LEN               
000010da  TLV_ADC10_1_TAG               
000010c0  TLV_CHECKSUM                  
000010f7  TLV_DCO_30_LEN                
000010f6  TLV_DCO_30_TAG                
0000005d  UCA0ABCTL                     
00000062  UCA0BR0                       
00000063  UCA0BR1                       
00000060  UCA0CTL0                      
00000061  UCA0CTL1                      
0000005f  UCA0IRRCTL                    
0000005e  UCA0IRTCTL                    
00000064  UCA0MCTL                      
00000066  UCA0RXBUF                     
00000065  UCA0STAT                      
00000067  UCA0TXBUF                     
0000006a  UCB0BR0                       
0000006b  UCB0BR1                       
00000068  UCB0CTL0                      
00000069  UCB0CTL1                      
0000006c  UCB0I2CIE                     
00000118  UCB0I2COA                     
0000011a  UCB0I2CSA                     
0000006e  UCB0RXBUF                     
0000006d  UCB0STAT                      
0000006f  UCB0TXBUF                     
00000120  WDTCTL                        
00000400  __STACK_END                   
00000050  __STACK_SIZE                  
0000e0dc  __TI_CINIT_Base               
0000e0e0  __TI_CINIT_Limit              
0000e0d8  __TI_Handler_Table_Base       
0000e0dc  __TI_Handler_Table_Limit      
0000e0b2  __TI_ISR_TRAP                 
0000dc72  __TI_auto_init_nobinit_nopinit
0000d966  __TI_decompress_lzss          
0000e020  __TI_decompress_none          
0000cd28  __TI_frcaddd                  
0000c834  __TI_frcmpyd                  
0000ffe0  __TI_int00                    
0000ffe4  __TI_int02                    
0000ffe6  __TI_int03                    
0000ffea  __TI_int05                    
0000ffec  __TI_int06                    
0000ffee  __TI_int07                    
0000fff0  __TI_int08                    
0000fff2  __TI_int09                    
0000fff4  __TI_int10                    
0000fff6  __TI_int11                    
0000fff8  __TI_int12                    
0000fffa  __TI_int13                    
0000fffc  __TI_int14                    
ffffffff  __TI_pprof_out_hndl           
ffffffff  __TI_prof_data_size           
ffffffff  __TI_prof_data_start          
0000d4dc  __TI_renormd                  
ffffffff  __c_args__                    
0000c53a  __mspabi_addd                 
0000d130  __mspabi_addf                 
0000d852  __mspabi_cvtdf                
0000d9e2  __mspabi_cvtfd                
0000d7b6  __mspabi_divf                 
0000de6e  __mspabi_divi                 
0000dff6  __mspabi_divu                 
0000dac0  __mspabi_fixfi                
0000e0a6  __mspabi_fltid                
0000ddde  __mspabi_fltif                
0000d70a  __mspabi_fltlid               
0000e094  __mspabi_func_epilog_1        
0000e092  __mspabi_func_epilog_2        
0000e090  __mspabi_func_epilog_3        
0000e08e  __mspabi_func_epilog_4        
0000e08c  __mspabi_func_epilog_5        
0000e08a  __mspabi_func_epilog_6        
0000e088  __mspabi_func_epilog_7        
0000caba  __mspabi_mpyd                 
0000d418  __mspabi_mpyf                 
0000df12  __mspabi_mpyl                 
0000df12  __mspabi_mpyl_sw              
0000de6e  __mspabi_remi                 
0000dff6  __mspabi_remu                 
0000de9a  __mspabi_slli                 
0000dec2  __mspabi_slli_1               
0000deb0  __mspabi_slli_10              
0000deae  __mspabi_slli_11              
0000deac  __mspabi_slli_12              
0000deaa  __mspabi_slli_13              
0000dea8  __mspabi_slli_14              
0000dea6  __mspabi_slli_15              
0000dec0  __mspabi_slli_2               
0000debe  __mspabi_slli_3               
0000debc  __mspabi_slli_4               
0000deba  __mspabi_slli_5               
0000deb8  __mspabi_slli_6               
0000deb6  __mspabi_slli_7               
0000deb4  __mspabi_slli_8               
0000deb2  __mspabi_slli_9               
0000e078  __mspabi_slll                 
0000dd6c  __mspabi_slll_1               
0000dd48  __mspabi_slll_10              
0000dd44  __mspabi_slll_11              
0000dd40  __mspabi_slll_12              
0000dd3c  __mspabi_slll_13              
0000dd38  __mspabi_slll_14              
0000dd34  __mspabi_slll_15              
0000dd68  __mspabi_slll_2               
0000dd64  __mspabi_slll_3               
0000dd60  __mspabi_slll_4               
0000dd5c  __mspabi_slll_5               
0000dd58  __mspabi_slll_6               
0000dd54  __mspabi_slll_7               
0000dd50  __mspabi_slll_8               
0000dd4c  __mspabi_slll_9               
0000de42  __mspabi_srai                 
0000de6a  __mspabi_srai_1               
0000de58  __mspabi_srai_10              
0000de56  __mspabi_srai_11              
0000de54  __mspabi_srai_12              
0000de52  __mspabi_srai_13              
0000de50  __mspabi_srai_14              
0000de4e  __mspabi_srai_15              
0000de68  __mspabi_srai_2               
0000de66  __mspabi_srai_3               
0000de64  __mspabi_srai_4               
0000de62  __mspabi_srai_5               
0000de60  __mspabi_srai_6               
0000de5e  __mspabi_srai_7               
0000de5c  __mspabi_srai_8               
0000de5a  __mspabi_srai_9               
0000e068  __mspabi_sral                 
0000dd2e  __mspabi_sral_1               
0000dd0a  __mspabi_sral_10              
0000dd06  __mspabi_sral_11              
0000dd02  __mspabi_sral_12              
0000dcfe  __mspabi_sral_13              
0000dcfa  __mspabi_sral_14              
0000dcf6  __mspabi_sral_15              
0000dd2a  __mspabi_sral_2               
0000dd26  __mspabi_sral_3               
0000dd22  __mspabi_sral_4               
0000dd1e  __mspabi_sral_5               
0000dd1a  __mspabi_sral_6               
0000dd16  __mspabi_sral_7               
0000dd12  __mspabi_sral_8               
0000dd0e  __mspabi_sral_9               
0000dc26  __mspabi_srli                 
0000dc6c  __mspabi_srli_1               
0000dc48  __mspabi_srli_10              
0000dc44  __mspabi_srli_11              
0000dc40  __mspabi_srli_12              
0000dc3c  __mspabi_srli_13              
0000dc38  __mspabi_srli_14              
0000dc34  __mspabi_srli_15              
0000dc68  __mspabi_srli_2               
0000dc64  __mspabi_srli_3               
0000dc60  __mspabi_srli_4               
0000dc5c  __mspabi_srli_5               
0000dc58  __mspabi_srli_6               
0000dc54  __mspabi_srli_7               
0000dc50  __mspabi_srli_8               
0000dc4c  __mspabi_srli_9               
0000e044  __mspabi_srll                 
0000db7c  __mspabi_srll_1               
0000db46  __mspabi_srll_10              
0000db40  __mspabi_srll_11              
0000db3a  __mspabi_srll_12              
0000db34  __mspabi_srll_13              
0000db2e  __mspabi_srll_14              
0000db28  __mspabi_srll_15              
0000db76  __mspabi_srll_2               
0000db70  __mspabi_srll_3               
0000db6a  __mspabi_srll_4               
0000db64  __mspabi_srll_5               
0000db5e  __mspabi_srll_6               
0000db58  __mspabi_srll_7               
0000db52  __mspabi_srll_8               
0000db4c  __mspabi_srll_9               
0000de14  __mspabi_subd                 
0000d12a  __mspabi_subf                 
0000df92  _c_int00_noargs               
0000fffe  _reset_vector                 
000003b0  _stack                        
0000e0cc  _system_post_cinit            
0000e0c6  _system_pre_init              
0000e0ba  abort                         
0000cf88  cal_distance                  
0000d59a  display_my_info               
0000e032  gpio_init                     
0000dcb4  main                          
0000e056  memcpy                        
0000e00c  memset                        
00000218  overflow                      
0000021a  show_flag                     
0000dfae  timer0_init                   
0000e098  timer1_init                   
0000e0c0  timer1_stop                   
00000216  xiaoshu                       
00000214  zhengshu                      


GLOBAL SYMBOLS: SORTED BY Symbol Address 

address   name                          
-------   ----                          
00000000  IE1                           
00000001  IE2                           
00000002  IFG1                          
00000003  IFG2                          
00000010  P3REN                         
00000018  P3IN                          
00000019  P3OUT                         
0000001a  P3DIR                         
0000001b  P3SEL                         
00000020  P1IN                          
00000021  P1OUT                         
00000022  P1DIR                         
00000023  P1IFG                         
00000024  P1IES                         
00000025  P1IE                          
00000026  P1SEL                         
00000027  P1REN                         
00000028  P2IN                          
00000029  P2OUT                         
0000002a  P2DIR                         
0000002b  P2IFG                         
0000002c  P2IES                         
0000002d  P2IE                          
0000002e  P2SEL                         
0000002f  P2REN                         
00000041  P1SEL2                        
00000042  P2SEL2                        
00000043  P3SEL2                        
00000048  ADC10DTC0                     
00000049  ADC10DTC1                     
0000004a  ADC10AE0                      
00000050  __STACK_SIZE                  
00000053  BCSCTL3                       
00000056  DCOCTL                        
00000057  BCSCTL1                       
00000058  BCSCTL2                       
00000059  CACTL1                        
0000005a  CACTL2                        
0000005b  CAPD                          
0000005d  UCA0ABCTL                     
0000005e  UCA0IRTCTL                    
0000005f  UCA0IRRCTL                    
00000060  UCA0CTL0                      
00000061  UCA0CTL1                      
00000062  UCA0BR0                       
00000063  UCA0BR1                       
00000064  UCA0MCTL                      
00000065  UCA0STAT                      
00000066  UCA0RXBUF                     
00000067  UCA0TXBUF                     
00000068  UCB0CTL0                      
00000069  UCB0CTL1                      
0000006a  UCB0BR0                       
0000006b  UCB0BR1                       
0000006c  UCB0I2CIE                     
0000006d  UCB0STAT                      
0000006e  UCB0RXBUF                     
0000006f  UCB0TXBUF                     
00000118  UCB0I2COA                     
0000011a  UCB0I2CSA                     
0000011e  TA1IV                         
00000120  WDTCTL                        
00000128  FCTL1                         
0000012a  FCTL2                         
0000012c  FCTL3                         
0000012e  TA0IV                         
00000160  TA0CTL                        
00000162  TA0CCTL0                      
00000164  TA0CCTL1                      
00000166  TA0CCTL2                      
00000170  TA0R                          
00000172  TA0CCR0                       
00000174  TA0CCR1                       
00000176  TA0CCR2                       
00000180  TA1CTL                        
00000182  TA1CCTL0                      
00000184  TA1CCTL1                      
00000186  TA1CCTL2                      
00000190  TA1R                          
00000192  TA1CCR0                       
00000194  TA1CCR1                       
00000196  TA1CCR2                       
000001b0  ADC10CTL0                     
000001b2  ADC10CTL1                     
000001b4  ADC10MEM                      
000001bc  ADC10SA                       
00000200  LCD_Buffer                    
00000210  REdge                         
00000212  FEdge                         
00000214  zhengshu                      
00000216  xiaoshu                       
00000218  overflow                      
0000021a  show_flag                     
00000220  TCA6416A_InputBuffer          
000003b0  _stack                        
00000400  __STACK_END                   
000010c0  TLV_CHECKSUM                  
000010da  TLV_ADC10_1_TAG               
000010db  TLV_ADC10_1_LEN               
000010f6  TLV_DCO_30_TAG                
000010f7  TLV_DCO_30_LEN                
000010f8  CALDCO_16MHZ                  
000010f9  CALBC1_16MHZ                  
000010fa  CALDCO_12MHZ                  
000010fb  CALBC1_12MHZ                  
000010fc  CALDCO_8MHZ                   
000010fd  CALBC1_8MHZ                   
000010fe  CALDCO_1MHZ                   
000010ff  CALBC1_1MHZ                   
0000c000  LCD_DisplayDigit              
0000c53a  __mspabi_addd                 
0000c834  __TI_frcmpyd                  
0000caba  __mspabi_mpyd                 
0000cd28  __TI_frcaddd                  
0000cf88  cal_distance                  
0000d12a  __mspabi_subf                 
0000d130  __mspabi_addf                 
0000d25c  HT1621_init                   
0000d25c  LCD_Init                      
0000d340  Distance_Display              
0000d418  __mspabi_mpyf                 
0000d4dc  __TI_renormd                  
0000d59a  display_my_info               
0000d656  PinOUT                        
0000d70a  __mspabi_fltlid               
0000d7b6  __mspabi_divf                 
0000d852  __mspabi_cvtdf                
0000d8de  HT1621_Reflash                
0000d966  __TI_decompress_lzss          
0000d9e2  __mspabi_cvtfd                
0000da52  TCA6416A_Init                 
0000dac0  __mspabi_fixfi                
0000db28  __mspabi_srll_15              
0000db2e  __mspabi_srll_14              
0000db34  __mspabi_srll_13              
0000db3a  __mspabi_srll_12              
0000db40  __mspabi_srll_11              
0000db46  __mspabi_srll_10              
0000db4c  __mspabi_srll_9               
0000db52  __mspabi_srll_8               
0000db58  __mspabi_srll_7               
0000db5e  __mspabi_srll_6               
0000db64  __mspabi_srll_5               
0000db6a  __mspabi_srll_4               
0000db70  __mspabi_srll_3               
0000db76  __mspabi_srll_2               
0000db7c  __mspabi_srll_1               
0000db84  Send_Char                     
0000dbda  TIMER1_A1_ISR                 
0000dc26  __mspabi_srli                 
0000dc34  __mspabi_srli_15              
0000dc38  __mspabi_srli_14              
0000dc3c  __mspabi_srli_13              
0000dc40  __mspabi_srli_12              
0000dc44  __mspabi_srli_11              
0000dc48  __mspabi_srli_10              
0000dc4c  __mspabi_srli_9               
0000dc50  __mspabi_srli_8               
0000dc54  __mspabi_srli_7               
0000dc58  __mspabi_srli_6               
0000dc5c  __mspabi_srli_5               
0000dc60  __mspabi_srli_4               
0000dc64  __mspabi_srli_3               
0000dc68  __mspabi_srli_2               
0000dc6c  __mspabi_srli_1               
0000dc72  __TI_auto_init_nobinit_nopinit
0000dcb4  main                          
0000dcf6  __mspabi_sral_15              
0000dcfa  __mspabi_sral_14              
0000dcfe  __mspabi_sral_13              
0000dd02  __mspabi_sral_12              
0000dd06  __mspabi_sral_11              
0000dd0a  __mspabi_sral_10              
0000dd0e  __mspabi_sral_9               
0000dd12  __mspabi_sral_8               
0000dd16  __mspabi_sral_7               
0000dd1a  __mspabi_sral_6               
0000dd1e  __mspabi_sral_5               
0000dd22  __mspabi_sral_4               
0000dd26  __mspabi_sral_3               
0000dd2a  __mspabi_sral_2               
0000dd2e  __mspabi_sral_1               
0000dd34  __mspabi_slll_15              
0000dd38  __mspabi_slll_14              
0000dd3c  __mspabi_slll_13              
0000dd40  __mspabi_slll_12              
0000dd44  __mspabi_slll_11              
0000dd48  __mspabi_slll_10              
0000dd4c  __mspabi_slll_9               
0000dd50  __mspabi_slll_8               
0000dd54  __mspabi_slll_7               
0000dd58  __mspabi_slll_6               
0000dd5c  __mspabi_slll_5               
0000dd60  __mspabi_slll_4               
0000dd64  __mspabi_slll_3               
0000dd68  __mspabi_slll_2               
0000dd6c  __mspabi_slll_1               
0000dd72  HT1621_SendBit                
0000dda8  I2C_TxFrame                   
0000ddde  __mspabi_fltif                
0000de14  __mspabi_subd                 
0000de42  __mspabi_srai                 
0000de4e  __mspabi_srai_15              
0000de50  __mspabi_srai_14              
0000de52  __mspabi_srai_13              
0000de54  __mspabi_srai_12              
0000de56  __mspabi_srai_11              
0000de58  __mspabi_srai_10              
0000de5a  __mspabi_srai_9               
0000de5c  __mspabi_srai_8               
0000de5e  __mspabi_srai_7               
0000de60  __mspabi_srai_6               
0000de62  __mspabi_srai_5               
0000de64  __mspabi_srai_4               
0000de66  __mspabi_srai_3               
0000de68  __mspabi_srai_2               
0000de6a  __mspabi_srai_1               
0000de6e  __mspabi_divi                 
0000de6e  __mspabi_remi                 
0000de9a  __mspabi_slli                 
0000dea6  __mspabi_slli_15              
0000dea8  __mspabi_slli_14              
0000deaa  __mspabi_slli_13              
0000deac  __mspabi_slli_12              
0000deae  __mspabi_slli_11              
0000deb0  __mspabi_slli_10              
0000deb2  __mspabi_slli_9               
0000deb4  __mspabi_slli_8               
0000deb6  __mspabi_slli_7               
0000deb8  __mspabi_slli_6               
0000deba  __mspabi_slli_5               
0000debc  __mspabi_slli_4               
0000debe  __mspabi_slli_3               
0000dec0  __mspabi_slli_2               
0000dec2  __mspabi_slli_1               
0000dec6  Start                         
0000deec  Stop                          
0000df12  __mspabi_mpyl                 
0000df12  __mspabi_mpyl_sw              
0000df38  I2C_Init                      
0000df56  LCD_ClearSeg                  
0000df74  LCD_DisplaySeg                
0000df92  _c_int00_noargs               
0000dfae  timer0_init                   
0000dfc8  TCA6416_Tx_Frame              
0000dfe0  LCD_Clear                     
0000dff6  __mspabi_divu                 
0000dff6  __mspabi_remu                 
0000e00c  memset                        
0000e020  __TI_decompress_none          
0000e032  gpio_init                     
0000e044  __mspabi_srll                 
0000e056  memcpy                        
0000e068  __mspabi_sral                 
0000e078  __mspabi_slll                 
0000e088  __mspabi_func_epilog_7        
0000e08a  __mspabi_func_epilog_6        
0000e08c  __mspabi_func_epilog_5        
0000e08e  __mspabi_func_epilog_4        
0000e090  __mspabi_func_epilog_3        
0000e092  __mspabi_func_epilog_2        
0000e094  __mspabi_func_epilog_1        
0000e098  timer1_init                   
0000e0a6  __mspabi_fltid                
0000e0b2  __TI_ISR_TRAP                 
0000e0ba  C$$EXIT                       
0000e0ba  abort                         
0000e0c0  timer1_stop                   
0000e0c6  _system_pre_init              
0000e0ca  I2C_Tx_Init                   
0000e0cc  _system_post_cinit            
0000e0d8  __TI_Handler_Table_Base       
0000e0dc  __TI_CINIT_Base               
0000e0dc  __TI_Handler_Table_Limit      
0000e0e0  __TI_CINIT_Limit              
0000ffe0  __TI_int00                    
0000ffe4  __TI_int02                    
0000ffe6  __TI_int03                    
0000ffea  __TI_int05                    
0000ffec  __TI_int06                    
0000ffee  __TI_int07                    
0000fff0  __TI_int08                    
0000fff2  __TI_int09                    
0000fff4  __TI_int10                    
0000fff6  __TI_int11                    
0000fff8  __TI_int12                    
0000fffa  __TI_int13                    
0000fffc  __TI_int14                    
0000fffe  _reset_vector                 
ffffffff  __TI_pprof_out_hndl           
ffffffff  __TI_prof_data_size           
ffffffff  __TI_prof_data_start          
ffffffff  __c_args__                    

[293 symbols]
