<?xml version="1.0" encoding="ISO-8859-1" ?>
<link_info>
   <banner>MSP430 Linker PC v20.2.1.LTS</banner>
   <copyright>Copyright (c) 2003-2018 Texas Instruments Incorporated</copyright>
   <link_time>0x5eea4656</link_time>
   <link_errors>0x0</link_errors>
   <output_file>Distance_Detect.out</output_file>
   <entry_point>
      <name>_c_int00_noargs</name>
      <address>0xdf92</address>
   </entry_point>
   <input_file_list>
      <input_file id="fl-2">
         <path>.\</path>
         <kind>object</kind>
         <file>main.obj</file>
         <name>main.obj</name>
      </input_file>
      <input_file id="fl-3">
         <path>.\src\</path>
         <kind>object</kind>
         <file>HT1621.obj</file>
         <name>HT1621.obj</name>
      </input_file>
      <input_file id="fl-4">
         <path>.\src\</path>
         <kind>object</kind>
         <file>I2C.obj</file>
         <name>I2C.obj</name>
      </input_file>
      <input_file id="fl-5">
         <path>.\src\</path>
         <kind>object</kind>
         <file>LCD_128.obj</file>
         <name>LCD_128.obj</name>
      </input_file>
      <input_file id="fl-6">
         <path>.\src\</path>
         <kind>object</kind>
         <file>TCA6416A.obj</file>
         <name>TCA6416A.obj</name>
      </input_file>
      <input_file id="fl-b">
         <kind>object</kind>
         <file>&lt;internal&gt;</file>
         <name>&lt;internal&gt;</name>
      </input_file>
      <input_file id="fl-21">
         <path>C:\ti\ccs1010\ccs\tools\compiler\ti-cgt-msp430_20.2.1.LTS\lib\</path>
         <kind>archive</kind>
         <file>rts430_eabi.lib</file>
         <name>asr16.asm.obj</name>
      </input_file>
      <input_file id="fl-22">
         <path>C:\ti\ccs1010\ccs\tools\compiler\ti-cgt-msp430_20.2.1.LTS\lib\</path>
         <kind>archive</kind>
         <file>rts430_eabi.lib</file>
         <name>div16s.asm.obj</name>
      </input_file>
      <input_file id="fl-23">
         <path>C:\ti\ccs1010\ccs\tools\compiler\ti-cgt-msp430_20.2.1.LTS\lib\</path>
         <kind>archive</kind>
         <file>rts430_eabi.lib</file>
         <name>div16u.asm.obj</name>
      </input_file>
      <input_file id="fl-24">
         <path>C:\ti\ccs1010\ccs\tools\compiler\ti-cgt-msp430_20.2.1.LTS\lib\</path>
         <kind>archive</kind>
         <file>rts430_eabi.lib</file>
         <name>div32s.asm.obj</name>
      </input_file>
      <input_file id="fl-25">
         <path>C:\ti\ccs1010\ccs\tools\compiler\ti-cgt-msp430_20.2.1.LTS\lib\</path>
         <kind>archive</kind>
         <file>rts430_eabi.lib</file>
         <name>div32u.asm.obj</name>
      </input_file>
      <input_file id="fl-26">
         <path>C:\ti\ccs1010\ccs\tools\compiler\ti-cgt-msp430_20.2.1.LTS\lib\</path>
         <kind>archive</kind>
         <file>rts430_eabi.lib</file>
         <name>epilog.asm.obj</name>
      </input_file>
      <input_file id="fl-27">
         <path>C:\ti\ccs1010\ccs\tools\compiler\ti-cgt-msp430_20.2.1.LTS\lib\</path>
         <kind>archive</kind>
         <file>rts430_eabi.lib</file>
         <name>fs_add.asm.obj</name>
      </input_file>
      <input_file id="fl-28">
         <path>C:\ti\ccs1010\ccs\tools\compiler\ti-cgt-msp430_20.2.1.LTS\lib\</path>
         <kind>archive</kind>
         <file>rts430_eabi.lib</file>
         <name>fs_div.asm.obj</name>
      </input_file>
      <input_file id="fl-29">
         <path>C:\ti\ccs1010\ccs\tools\compiler\ti-cgt-msp430_20.2.1.LTS\lib\</path>
         <kind>archive</kind>
         <file>rts430_eabi.lib</file>
         <name>fs_itof.asm.obj</name>
      </input_file>
      <input_file id="fl-2a">
         <path>C:\ti\ccs1010\ccs\tools\compiler\ti-cgt-msp430_20.2.1.LTS\lib\</path>
         <kind>archive</kind>
         <file>rts430_eabi.lib</file>
         <name>fs_mpy.asm.obj</name>
      </input_file>
      <input_file id="fl-2b">
         <path>C:\ti\ccs1010\ccs\tools\compiler\ti-cgt-msp430_20.2.1.LTS\lib\</path>
         <kind>archive</kind>
         <file>rts430_eabi.lib</file>
         <name>fs_toi.asm.obj</name>
      </input_file>
      <input_file id="fl-2c">
         <path>C:\ti\ccs1010\ccs\tools\compiler\ti-cgt-msp430_20.2.1.LTS\lib\</path>
         <kind>archive</kind>
         <file>rts430_eabi.lib</file>
         <name>int00.asm.obj</name>
      </input_file>
      <input_file id="fl-2d">
         <path>C:\ti\ccs1010\ccs\tools\compiler\ti-cgt-msp430_20.2.1.LTS\lib\</path>
         <kind>archive</kind>
         <file>rts430_eabi.lib</file>
         <name>int02.asm.obj</name>
      </input_file>
      <input_file id="fl-2e">
         <path>C:\ti\ccs1010\ccs\tools\compiler\ti-cgt-msp430_20.2.1.LTS\lib\</path>
         <kind>archive</kind>
         <file>rts430_eabi.lib</file>
         <name>int03.asm.obj</name>
      </input_file>
      <input_file id="fl-2f">
         <path>C:\ti\ccs1010\ccs\tools\compiler\ti-cgt-msp430_20.2.1.LTS\lib\</path>
         <kind>archive</kind>
         <file>rts430_eabi.lib</file>
         <name>int05.asm.obj</name>
      </input_file>
      <input_file id="fl-30">
         <path>C:\ti\ccs1010\ccs\tools\compiler\ti-cgt-msp430_20.2.1.LTS\lib\</path>
         <kind>archive</kind>
         <file>rts430_eabi.lib</file>
         <name>int06.asm.obj</name>
      </input_file>
      <input_file id="fl-31">
         <path>C:\ti\ccs1010\ccs\tools\compiler\ti-cgt-msp430_20.2.1.LTS\lib\</path>
         <kind>archive</kind>
         <file>rts430_eabi.lib</file>
         <name>int07.asm.obj</name>
      </input_file>
      <input_file id="fl-32">
         <path>C:\ti\ccs1010\ccs\tools\compiler\ti-cgt-msp430_20.2.1.LTS\lib\</path>
         <kind>archive</kind>
         <file>rts430_eabi.lib</file>
         <name>int08.asm.obj</name>
      </input_file>
      <input_file id="fl-33">
         <path>C:\ti\ccs1010\ccs\tools\compiler\ti-cgt-msp430_20.2.1.LTS\lib\</path>
         <kind>archive</kind>
         <file>rts430_eabi.lib</file>
         <name>int09.asm.obj</name>
      </input_file>
      <input_file id="fl-34">
         <path>C:\ti\ccs1010\ccs\tools\compiler\ti-cgt-msp430_20.2.1.LTS\lib\</path>
         <kind>archive</kind>
         <file>rts430_eabi.lib</file>
         <name>int10.asm.obj</name>
      </input_file>
      <input_file id="fl-35">
         <path>C:\ti\ccs1010\ccs\tools\compiler\ti-cgt-msp430_20.2.1.LTS\lib\</path>
         <kind>archive</kind>
         <file>rts430_eabi.lib</file>
         <name>int11.asm.obj</name>
      </input_file>
      <input_file id="fl-36">
         <path>C:\ti\ccs1010\ccs\tools\compiler\ti-cgt-msp430_20.2.1.LTS\lib\</path>
         <kind>archive</kind>
         <file>rts430_eabi.lib</file>
         <name>int13.asm.obj</name>
      </input_file>
      <input_file id="fl-37">
         <path>C:\ti\ccs1010\ccs\tools\compiler\ti-cgt-msp430_20.2.1.LTS\lib\</path>
         <kind>archive</kind>
         <file>rts430_eabi.lib</file>
         <name>int14.asm.obj</name>
      </input_file>
      <input_file id="fl-38">
         <path>C:\ti\ccs1010\ccs\tools\compiler\ti-cgt-msp430_20.2.1.LTS\lib\</path>
         <kind>archive</kind>
         <file>rts430_eabi.lib</file>
         <name>isr_trap.asm.obj</name>
      </input_file>
      <input_file id="fl-39">
         <path>C:\ti\ccs1010\ccs\tools\compiler\ti-cgt-msp430_20.2.1.LTS\lib\</path>
         <kind>archive</kind>
         <file>rts430_eabi.lib</file>
         <name>lsl16.asm.obj</name>
      </input_file>
      <input_file id="fl-3a">
         <path>C:\ti\ccs1010\ccs\tools\compiler\ti-cgt-msp430_20.2.1.LTS\lib\</path>
         <kind>archive</kind>
         <file>rts430_eabi.lib</file>
         <name>lsr16.asm.obj</name>
      </input_file>
      <input_file id="fl-3b">
         <path>C:\ti\ccs1010\ccs\tools\compiler\ti-cgt-msp430_20.2.1.LTS\lib\</path>
         <kind>archive</kind>
         <file>rts430_eabi.lib</file>
         <name>boot.c.obj</name>
      </input_file>
      <input_file id="fl-3c">
         <path>C:\ti\ccs1010\ccs\tools\compiler\ti-cgt-msp430_20.2.1.LTS\lib\</path>
         <kind>archive</kind>
         <file>rts430_eabi.lib</file>
         <name>autoinit.c.obj</name>
      </input_file>
      <input_file id="fl-3d">
         <path>C:\ti\ccs1010\ccs\tools\compiler\ti-cgt-msp430_20.2.1.LTS\lib\</path>
         <kind>archive</kind>
         <file>rts430_eabi.lib</file>
         <name>copy_zero_init.c.obj</name>
      </input_file>
      <input_file id="fl-3e">
         <path>C:\ti\ccs1010\ccs\tools\compiler\ti-cgt-msp430_20.2.1.LTS\lib\</path>
         <kind>archive</kind>
         <file>rts430_eabi.lib</file>
         <name>cpy_tbl.c.obj</name>
      </input_file>
      <input_file id="fl-3f">
         <path>C:\ti\ccs1010\ccs\tools\compiler\ti-cgt-msp430_20.2.1.LTS\lib\</path>
         <kind>archive</kind>
         <file>rts430_eabi.lib</file>
         <name>mpu_init.c.obj</name>
      </input_file>
      <input_file id="fl-40">
         <path>C:\ti\ccs1010\ccs\tools\compiler\ti-cgt-msp430_20.2.1.LTS\lib\</path>
         <kind>archive</kind>
         <file>rts430_eabi.lib</file>
         <name>pre_init.c.obj</name>
      </input_file>
      <input_file id="fl-41">
         <path>C:\ti\ccs1010\ccs\tools\compiler\ti-cgt-msp430_20.2.1.LTS\lib\</path>
         <kind>archive</kind>
         <file>rts430_eabi.lib</file>
         <name>startup.c.obj</name>
      </input_file>
      <input_file id="fl-42">
         <path>C:\ti\ccs1010\ccs\tools\compiler\ti-cgt-msp430_20.2.1.LTS\lib\</path>
         <kind>archive</kind>
         <file>rts430_eabi.lib</file>
         <name>copy_decompress_none.c.obj</name>
      </input_file>
      <input_file id="fl-43">
         <path>C:\ti\ccs1010\ccs\tools\compiler\ti-cgt-msp430_20.2.1.LTS\lib\</path>
         <kind>archive</kind>
         <file>rts430_eabi.lib</file>
         <name>copy_decompress_lzss.c.obj</name>
      </input_file>
      <input_file id="fl-44">
         <path>C:\ti\ccs1010\ccs\tools\compiler\ti-cgt-msp430_20.2.1.LTS\lib\</path>
         <kind>archive</kind>
         <file>rts430_eabi.lib</file>
         <name>addd.c.obj</name>
      </input_file>
      <input_file id="fl-45">
         <path>C:\ti\ccs1010\ccs\tools\compiler\ti-cgt-msp430_20.2.1.LTS\lib\</path>
         <kind>archive</kind>
         <file>rts430_eabi.lib</file>
         <name>cvtfd.c.obj</name>
      </input_file>
      <input_file id="fl-46">
         <path>C:\ti\ccs1010\ccs\tools\compiler\ti-cgt-msp430_20.2.1.LTS\lib\</path>
         <kind>archive</kind>
         <file>rts430_eabi.lib</file>
         <name>fltid.c.obj</name>
      </input_file>
      <input_file id="fl-47">
         <path>C:\ti\ccs1010\ccs\tools\compiler\ti-cgt-msp430_20.2.1.LTS\lib\</path>
         <kind>archive</kind>
         <file>rts430_eabi.lib</file>
         <name>fltlid.c.obj</name>
      </input_file>
      <input_file id="fl-48">
         <path>C:\ti\ccs1010\ccs\tools\compiler\ti-cgt-msp430_20.2.1.LTS\lib\</path>
         <kind>archive</kind>
         <file>rts430_eabi.lib</file>
         <name>frcaddd.c.obj</name>
      </input_file>
      <input_file id="fl-49">
         <path>C:\ti\ccs1010\ccs\tools\compiler\ti-cgt-msp430_20.2.1.LTS\lib\</path>
         <kind>archive</kind>
         <file>rts430_eabi.lib</file>
         <name>mpyd.c.obj</name>
      </input_file>
      <input_file id="fl-4a">
         <path>C:\ti\ccs1010\ccs\tools\compiler\ti-cgt-msp430_20.2.1.LTS\lib\</path>
         <kind>archive</kind>
         <file>rts430_eabi.lib</file>
         <name>renormd.c.obj</name>
      </input_file>
      <input_file id="fl-4b">
         <path>C:\ti\ccs1010\ccs\tools\compiler\ti-cgt-msp430_20.2.1.LTS\lib\</path>
         <kind>archive</kind>
         <file>rts430_eabi.lib</file>
         <name>subd.c.obj</name>
      </input_file>
      <input_file id="fl-4c">
         <path>C:\ti\ccs1010\ccs\tools\compiler\ti-cgt-msp430_20.2.1.LTS\lib\</path>
         <kind>archive</kind>
         <file>rts430_eabi.lib</file>
         <name>cvtdf.c.obj</name>
      </input_file>
      <input_file id="fl-4d">
         <path>C:\ti\ccs1010\ccs\tools\compiler\ti-cgt-msp430_20.2.1.LTS\lib\</path>
         <kind>archive</kind>
         <file>rts430_eabi.lib</file>
         <name>exit.c.obj</name>
      </input_file>
      <input_file id="fl-4e">
         <path>C:\ti\ccs1010\ccs\tools\compiler\ti-cgt-msp430_20.2.1.LTS\lib\</path>
         <kind>archive</kind>
         <file>rts430_eabi.lib</file>
         <name>_lock.c.obj</name>
      </input_file>
      <input_file id="fl-4f">
         <path>C:\ti\ccs1010\ccs\tools\compiler\ti-cgt-msp430_20.2.1.LTS\lib\</path>
         <kind>archive</kind>
         <file>rts430_eabi.lib</file>
         <name>args_main.c.obj</name>
      </input_file>
      <input_file id="fl-50">
         <path>C:\ti\ccs1010\ccs\tools\compiler\ti-cgt-msp430_20.2.1.LTS\lib\</path>
         <kind>archive</kind>
         <file>rts430_eabi.lib</file>
         <name>memcpy.c.obj</name>
      </input_file>
      <input_file id="fl-51">
         <path>C:\ti\ccs1010\ccs\tools\compiler\ti-cgt-msp430_20.2.1.LTS\lib\</path>
         <kind>archive</kind>
         <file>rts430_eabi.lib</file>
         <name>memset.c.obj</name>
      </input_file>
      <input_file id="fl-52">
         <path>C:\ti\ccs1010\ccs\tools\compiler\ti-cgt-msp430_20.2.1.LTS\lib\</path>
         <kind>archive</kind>
         <file>rts430_eabi.lib</file>
         <name>asr32.asm.obj</name>
      </input_file>
      <input_file id="fl-53">
         <path>C:\ti\ccs1010\ccs\tools\compiler\ti-cgt-msp430_20.2.1.LTS\lib\</path>
         <kind>archive</kind>
         <file>rts430_eabi.lib</file>
         <name>lsl32.asm.obj</name>
      </input_file>
      <input_file id="fl-54">
         <path>C:\ti\ccs1010\ccs\tools\compiler\ti-cgt-msp430_20.2.1.LTS\lib\</path>
         <kind>archive</kind>
         <file>rts430_eabi.lib</file>
         <name>lsr32.asm.obj</name>
      </input_file>
      <input_file id="fl-55">
         <path>C:\ti\ccs1010\ccs\tools\compiler\ti-cgt-msp430_20.2.1.LTS\lib\</path>
         <kind>archive</kind>
         <file>rts430_eabi.lib</file>
         <name>mult16.asm.obj</name>
      </input_file>
      <input_file id="fl-56">
         <path>C:\ti\ccs1010\ccs\tools\compiler\ti-cgt-msp430_20.2.1.LTS\lib\</path>
         <kind>archive</kind>
         <file>rts430_eabi.lib</file>
         <name>exit_gvars.c.obj</name>
      </input_file>
      <input_file id="fl-57">
         <path>C:\ti\ccs1010\ccs\tools\compiler\ti-cgt-msp430_20.2.1.LTS\lib\</path>
         <kind>archive</kind>
         <file>rts430_eabi.lib</file>
         <name>lsr64.c.obj</name>
      </input_file>
      <input_file id="fl-58">
         <path>C:\ti\ccs1010\ccs\tools\compiler\ti-cgt-msp430_20.2.1.LTS\lib\</path>
         <kind>archive</kind>
         <file>rts430_eabi.lib</file>
         <name>frcmpyd.c.obj</name>
      </input_file>
      <input_file id="fl-59">
         <path>C:\ti\ccs1010\ccs\tools\compiler\ti-cgt-msp430_20.2.1.LTS\lib\</path>
         <kind>archive</kind>
         <file>rts430_eabi.lib</file>
         <name>mult32.asm.obj</name>
      </input_file>
   </input_file_list>
   <object_component_list>
      <object_component id="oc-13d">
         <name>.data</name>
         <load_address>0x210</load_address>
         <run_address>0x210</run_address>
         <size>0x10</size>
         <input_file_ref idref="fl-2"/>
      </object_component>
      <object_component id="oc-2a1">
         <name>.data:LCD_Buffer</name>
         <load_address>0x200</load_address>
         <run_address>0x200</run_address>
         <size>0x10</size>
         <input_file_ref idref="fl-5"/>
      </object_component>
      <object_component id="oc-31d">
         <name>.data</name>
         <load_address>0x220</load_address>
         <run_address>0x220</run_address>
         <size>0x4</size>
         <input_file_ref idref="fl-6"/>
      </object_component>
      <object_component id="oc-b1">
         <name>.stack</name>
         <uninitialized>true</uninitialized>
         <run_address>0x3b0</run_address>
         <size>0x2</size>
         <input_file_ref idref="fl-3b"/>
      </object_component>
      <object_component id="oc-3eb">
         <name>.stack</name>
         <uninitialized>true</uninitialized>
         <run_address>0x3b0</run_address>
         <size>0x0</size>
      </object_component>
      <object_component id="oc-295">
         <name>.text:LCD_DisplayDigit</name>
         <load_address>0xc000</load_address>
         <run_address>0xc000</run_address>
         <size>0x53a</size>
         <input_file_ref idref="fl-5"/>
      </object_component>
      <object_component id="oc-190">
         <name>.text:__mspabi_addd</name>
         <load_address>0xc53a</load_address>
         <run_address>0xc53a</run_address>
         <size>0x2fa</size>
         <input_file_ref idref="fl-44"/>
      </object_component>
      <object_component id="oc-23a">
         <name>.text:__TI_frcmpyd</name>
         <load_address>0xc834</load_address>
         <run_address>0xc834</run_address>
         <size>0x286</size>
         <input_file_ref idref="fl-58"/>
      </object_component>
      <object_component id="oc-18a">
         <name>.text:__mspabi_mpyd</name>
         <load_address>0xcaba</load_address>
         <run_address>0xcaba</run_address>
         <size>0x26e</size>
         <input_file_ref idref="fl-49"/>
      </object_component>
      <object_component id="oc-247">
         <name>.text:__TI_frcaddd</name>
         <load_address>0xcd28</load_address>
         <run_address>0xcd28</run_address>
         <size>0x260</size>
         <input_file_ref idref="fl-48"/>
      </object_component>
      <object_component id="oc-149">
         <name>.text:cal_distance</name>
         <load_address>0xcf88</load_address>
         <run_address>0xcf88</run_address>
         <size>0x1a2</size>
         <input_file_ref idref="fl-2"/>
      </object_component>
      <object_component id="oc-1a2">
         <name>.text</name>
         <load_address>0xd12a</load_address>
         <run_address>0xd12a</run_address>
         <size>0x132</size>
         <input_file_ref idref="fl-27"/>
      </object_component>
      <object_component id="oc-1c4">
         <name>.text:HT1621_init</name>
         <load_address>0xd25c</load_address>
         <run_address>0xd25c</run_address>
         <size>0xe4</size>
         <input_file_ref idref="fl-3"/>
      </object_component>
      <object_component id="oc-1e8">
         <name>.text:Distance_Display</name>
         <load_address>0xd340</load_address>
         <run_address>0xd340</run_address>
         <size>0xd8</size>
         <input_file_ref idref="fl-2"/>
      </object_component>
      <object_component id="oc-1bc">
         <name>.text</name>
         <load_address>0xd418</load_address>
         <run_address>0xd418</run_address>
         <size>0xc4</size>
         <input_file_ref idref="fl-2a"/>
      </object_component>
      <object_component id="oc-30d">
         <name>.text:__TI_renormd</name>
         <load_address>0xd4dc</load_address>
         <run_address>0xd4dc</run_address>
         <size>0xbe</size>
         <input_file_ref idref="fl-4a"/>
      </object_component>
      <object_component id="oc-1d0">
         <name>.text:display_my_info</name>
         <load_address>0xd59a</load_address>
         <run_address>0xd59a</run_address>
         <size>0xbc</size>
         <input_file_ref idref="fl-2"/>
      </object_component>
      <object_component id="oc-268">
         <name>.text:PinOUT</name>
         <load_address>0xd656</load_address>
         <run_address>0xd656</run_address>
         <size>0xb4</size>
         <input_file_ref idref="fl-6"/>
      </object_component>
      <object_component id="oc-22e">
         <name>.text:__mspabi_fltlid</name>
         <load_address>0xd70a</load_address>
         <run_address>0xd70a</run_address>
         <size>0xac</size>
         <input_file_ref idref="fl-47"/>
      </object_component>
      <object_component id="oc-1a7">
         <name>.text</name>
         <load_address>0xd7b6</load_address>
         <run_address>0xd7b6</run_address>
         <size>0x9c</size>
         <input_file_ref idref="fl-28"/>
      </object_component>
      <object_component id="oc-19c">
         <name>.text:__mspabi_cvtdf</name>
         <load_address>0xd852</load_address>
         <run_address>0xd852</run_address>
         <size>0x8c</size>
         <input_file_ref idref="fl-4c"/>
      </object_component>
      <object_component id="oc-2a4">
         <name>.text:HT1621_Reflash</name>
         <load_address>0xd8de</load_address>
         <run_address>0xd8de</run_address>
         <size>0x88</size>
         <input_file_ref idref="fl-3"/>
      </object_component>
      <object_component id="oc-34">
         <name>.text:decompress:lzss:__TI_decompress_lzss</name>
         <load_address>0xd966</load_address>
         <run_address>0xd966</run_address>
         <size>0x7c</size>
         <input_file_ref idref="fl-43"/>
      </object_component>
      <object_component id="oc-1ac">
         <name>.text:__mspabi_cvtfd</name>
         <load_address>0xd9e2</load_address>
         <run_address>0xd9e2</run_address>
         <size>0x70</size>
         <input_file_ref idref="fl-45"/>
      </object_component>
      <object_component id="oc-1ca">
         <name>.text:TCA6416A_Init</name>
         <load_address>0xda52</load_address>
         <run_address>0xda52</run_address>
         <size>0x6e</size>
         <input_file_ref idref="fl-6"/>
      </object_component>
      <object_component id="oc-1b2">
         <name>.text</name>
         <load_address>0xdac0</load_address>
         <run_address>0xdac0</run_address>
         <size>0x68</size>
         <input_file_ref idref="fl-2b"/>
      </object_component>
      <object_component id="oc-2ed">
         <name>.text:l_lsr_const</name>
         <load_address>0xdb28</load_address>
         <run_address>0xdb28</run_address>
         <size>0x5c</size>
         <input_file_ref idref="fl-54"/>
      </object_component>
      <object_component id="oc-389">
         <name>.text:Send_Char</name>
         <load_address>0xdb84</load_address>
         <run_address>0xdb84</run_address>
         <size>0x56</size>
         <input_file_ref idref="fl-4"/>
      </object_component>
      <object_component id="oc-e1">
         <name>.text:TIMER1_A1_ISR</name>
         <load_address>0xdbda</load_address>
         <run_address>0xdbda</run_address>
         <size>0x4c</size>
         <input_file_ref idref="fl-2"/>
      </object_component>
      <object_component id="oc-ba">
         <name>.text</name>
         <load_address>0xdc26</load_address>
         <run_address>0xdc26</run_address>
         <size>0x4c</size>
         <input_file_ref idref="fl-3a"/>
      </object_component>
      <object_component id="oc-1fb">
         <name>.text:__TI_auto_init_nobinit_nopinit:__TI_auto_init_nobinit_nopinit</name>
         <load_address>0xdc72</load_address>
         <run_address>0xdc72</run_address>
         <size>0x42</size>
         <input_file_ref idref="fl-3c"/>
      </object_component>
      <object_component id="oc-15b">
         <name>.text:main</name>
         <load_address>0xdcb4</load_address>
         <run_address>0xdcb4</run_address>
         <size>0x42</size>
         <input_file_ref idref="fl-2"/>
      </object_component>
      <object_component id="oc-259">
         <name>.text:l_asr_const</name>
         <load_address>0xdcf6</load_address>
         <run_address>0xdcf6</run_address>
         <size>0x3e</size>
         <input_file_ref idref="fl-52"/>
      </object_component>
      <object_component id="oc-250">
         <name>.text:l_lsl_const</name>
         <load_address>0xdd34</load_address>
         <run_address>0xdd34</run_address>
         <size>0x3e</size>
         <input_file_ref idref="fl-53"/>
      </object_component>
      <object_component id="oc-26e">
         <name>.text:HT1621_SendBit</name>
         <load_address>0xdd72</load_address>
         <run_address>0xdd72</run_address>
         <size>0x36</size>
         <input_file_ref idref="fl-3"/>
      </object_component>
      <object_component id="oc-32c">
         <name>.text:I2C_TxFrame</name>
         <load_address>0xdda8</load_address>
         <run_address>0xdda8</run_address>
         <size>0x36</size>
         <input_file_ref idref="fl-4"/>
      </object_component>
      <object_component id="oc-1b7">
         <name>.text</name>
         <load_address>0xddde</load_address>
         <run_address>0xddde</run_address>
         <size>0x36</size>
         <input_file_ref idref="fl-29"/>
      </object_component>
      <object_component id="oc-196">
         <name>.text:__mspabi_subd</name>
         <load_address>0xde14</load_address>
         <run_address>0xde14</run_address>
         <size>0x2e</size>
         <input_file_ref idref="fl-4b"/>
      </object_component>
      <object_component id="oc-235">
         <name>.text</name>
         <load_address>0xde42</load_address>
         <run_address>0xde42</run_address>
         <size>0x2c</size>
         <input_file_ref idref="fl-21"/>
      </object_component>
      <object_component id="oc-2b4">
         <name>.text</name>
         <load_address>0xde6e</load_address>
         <run_address>0xde6e</run_address>
         <size>0x2c</size>
         <input_file_ref idref="fl-22"/>
      </object_component>
      <object_component id="oc-b5">
         <name>.text</name>
         <load_address>0xde9a</load_address>
         <run_address>0xde9a</run_address>
         <size>0x2c</size>
         <input_file_ref idref="fl-39"/>
      </object_component>
      <object_component id="oc-383">
         <name>.text:Start</name>
         <load_address>0xdec6</load_address>
         <run_address>0xdec6</run_address>
         <size>0x26</size>
         <input_file_ref idref="fl-4"/>
      </object_component>
      <object_component id="oc-324">
         <name>.text:Stop</name>
         <load_address>0xdeec</load_address>
         <run_address>0xdeec</run_address>
         <size>0x26</size>
         <input_file_ref idref="fl-4"/>
      </object_component>
      <object_component id="oc-2f5">
         <name>.text</name>
         <load_address>0xdf12</load_address>
         <run_address>0xdf12</run_address>
         <size>0x26</size>
         <input_file_ref idref="fl-59"/>
      </object_component>
      <object_component id="oc-27b">
         <name>.text:I2C_Init</name>
         <load_address>0xdf38</load_address>
         <run_address>0xdf38</run_address>
         <size>0x1e</size>
         <input_file_ref idref="fl-4"/>
      </object_component>
      <object_component id="oc-29b">
         <name>.text:LCD_ClearSeg</name>
         <load_address>0xdf56</load_address>
         <run_address>0xdf56</run_address>
         <size>0x1e</size>
         <input_file_ref idref="fl-5"/>
      </object_component>
      <object_component id="oc-28f">
         <name>.text:LCD_DisplaySeg</name>
         <load_address>0xdf74</load_address>
         <run_address>0xdf74</run_address>
         <size>0x1e</size>
         <input_file_ref idref="fl-5"/>
      </object_component>
      <object_component id="oc-f9">
         <name>.text:_c_int00_noargs</name>
         <load_address>0xdf92</load_address>
         <run_address>0xdf92</run_address>
         <size>0x1c</size>
         <input_file_ref idref="fl-3b"/>
      </object_component>
      <object_component id="oc-1dc">
         <name>.text:timer0_init</name>
         <load_address>0xdfae</load_address>
         <run_address>0xdfae</run_address>
         <size>0x1a</size>
         <input_file_ref idref="fl-2"/>
      </object_component>
      <object_component id="oc-287">
         <name>.text:TCA6416_Tx_Frame</name>
         <load_address>0xdfc8</load_address>
         <run_address>0xdfc8</run_address>
         <size>0x18</size>
         <input_file_ref idref="fl-6"/>
      </object_component>
      <object_component id="oc-2aa">
         <name>.text:LCD_Clear</name>
         <load_address>0xdfe0</load_address>
         <run_address>0xdfe0</run_address>
         <size>0x16</size>
         <input_file_ref idref="fl-5"/>
      </object_component>
      <object_component id="oc-33e">
         <name>.text</name>
         <load_address>0xdff6</load_address>
         <run_address>0xdff6</run_address>
         <size>0x16</size>
         <input_file_ref idref="fl-23"/>
      </object_component>
      <object_component id="oc-275">
         <name>.text:memset</name>
         <load_address>0xe00c</load_address>
         <run_address>0xe00c</run_address>
         <size>0x14</size>
         <input_file_ref idref="fl-51"/>
      </object_component>
      <object_component id="oc-3a">
         <name>.text:decompress:none:__TI_decompress_none</name>
         <load_address>0xe020</load_address>
         <run_address>0xe020</run_address>
         <size>0x12</size>
         <input_file_ref idref="fl-42"/>
      </object_component>
      <object_component id="oc-1d6">
         <name>.text:gpio_init</name>
         <load_address>0xe032</load_address>
         <run_address>0xe032</run_address>
         <size>0x12</size>
         <input_file_ref idref="fl-2"/>
      </object_component>
      <object_component id="oc-303">
         <name>.text:l_lsr</name>
         <load_address>0xe044</load_address>
         <run_address>0xe044</run_address>
         <size>0x12</size>
         <input_file_ref idref="fl-54"/>
      </object_component>
      <object_component id="oc-cf">
         <name>.text:memcpy</name>
         <load_address>0xe056</load_address>
         <run_address>0xe056</run_address>
         <size>0x12</size>
         <input_file_ref idref="fl-50"/>
      </object_component>
      <object_component id="oc-308">
         <name>.text:l_asr</name>
         <load_address>0xe068</load_address>
         <run_address>0xe068</run_address>
         <size>0x10</size>
         <input_file_ref idref="fl-52"/>
      </object_component>
      <object_component id="oc-2fe">
         <name>.text:l_lsl</name>
         <load_address>0xe078</load_address>
         <run_address>0xe078</run_address>
         <size>0x10</size>
         <input_file_ref idref="fl-53"/>
      </object_component>
      <object_component id="oc-bf">
         <name>.text</name>
         <load_address>0xe088</load_address>
         <run_address>0xe088</run_address>
         <size>0x10</size>
         <input_file_ref idref="fl-26"/>
      </object_component>
      <object_component id="oc-1e2">
         <name>.text:timer1_init</name>
         <load_address>0xe098</load_address>
         <run_address>0xe098</run_address>
         <size>0xe</size>
         <input_file_ref idref="fl-2"/>
      </object_component>
      <object_component id="oc-184">
         <name>.text:__mspabi_fltid</name>
         <load_address>0xe0a6</load_address>
         <run_address>0xe0a6</run_address>
         <size>0xc</size>
         <input_file_ref idref="fl-46"/>
      </object_component>
      <object_component id="oc-dc">
         <name>.text:_isr:__TI_ISR_TRAP</name>
         <load_address>0xe0b2</load_address>
         <run_address>0xe0b2</run_address>
         <size>0x8</size>
         <input_file_ref idref="fl-38"/>
      </object_component>
      <object_component id="oc-1ef">
         <name>.text:abort</name>
         <load_address>0xe0ba</load_address>
         <run_address>0xe0ba</run_address>
         <size>0x6</size>
         <input_file_ref idref="fl-4d"/>
      </object_component>
      <object_component id="oc-143">
         <name>.text:timer1_stop</name>
         <load_address>0xe0c0</load_address>
         <run_address>0xe0c0</run_address>
         <size>0x6</size>
         <input_file_ref idref="fl-2"/>
      </object_component>
      <object_component id="oc-155">
         <name>.text:_system_pre_init</name>
         <load_address>0xe0c6</load_address>
         <run_address>0xe0c6</run_address>
         <size>0x4</size>
         <input_file_ref idref="fl-40"/>
      </object_component>
      <object_component id="oc-281">
         <name>.text:I2C_Tx_Init</name>
         <load_address>0xe0ca</load_address>
         <run_address>0xe0ca</run_address>
         <size>0x2</size>
         <input_file_ref idref="fl-4"/>
      </object_component>
      <object_component id="oc-2cc">
         <name>.text:_system_post_cinit</name>
         <load_address>0xe0cc</load_address>
         <run_address>0xe0cc</run_address>
         <size>0x2</size>
         <input_file_ref idref="fl-41"/>
      </object_component>
      <object_component id="oc-3ea">
         <name>.cinit..data.load</name>
         <load_address>0xe0ce</load_address>
         <run_address>0xe0ce</run_address>
         <size>0xa</size>
      </object_component>
      <object_component id="oc-3e8">
         <name>__TI_handler_table</name>
         <load_address>0xe0d8</load_address>
         <run_address>0xe0d8</run_address>
         <size>0x4</size>
      </object_component>
      <object_component id="oc-3e9">
         <name>__TI_cinit_table</name>
         <load_address>0xe0dc</load_address>
         <run_address>0xe0dc</run_address>
         <size>0x4</size>
      </object_component>
      <object_component id="oc-3aa">
         <name>.binit</name>
         <load_address>0xc000</load_address>
         <run_address>0xc000</run_address>
         <size>0x0</size>
      </object_component>
      <object_component id="oc-40">
         <name>.int00</name>
         <load_address>0xffe0</load_address>
         <run_address>0xffe0</run_address>
         <size>0x2</size>
         <input_file_ref idref="fl-2c"/>
      </object_component>
      <object_component id="oc-41">
         <name>.int02</name>
         <load_address>0xffe4</load_address>
         <run_address>0xffe4</run_address>
         <size>0x2</size>
         <input_file_ref idref="fl-2d"/>
      </object_component>
      <object_component id="oc-42">
         <name>.int03</name>
         <load_address>0xffe6</load_address>
         <run_address>0xffe6</run_address>
         <size>0x2</size>
         <input_file_ref idref="fl-2e"/>
      </object_component>
      <object_component id="oc-43">
         <name>.int05</name>
         <load_address>0xffea</load_address>
         <run_address>0xffea</run_address>
         <size>0x2</size>
         <input_file_ref idref="fl-2f"/>
      </object_component>
      <object_component id="oc-44">
         <name>.int06</name>
         <load_address>0xffec</load_address>
         <run_address>0xffec</run_address>
         <size>0x2</size>
         <input_file_ref idref="fl-30"/>
      </object_component>
      <object_component id="oc-45">
         <name>.int07</name>
         <load_address>0xffee</load_address>
         <run_address>0xffee</run_address>
         <size>0x2</size>
         <input_file_ref idref="fl-31"/>
      </object_component>
      <object_component id="oc-46">
         <name>.int08</name>
         <load_address>0xfff0</load_address>
         <run_address>0xfff0</run_address>
         <size>0x2</size>
         <input_file_ref idref="fl-32"/>
      </object_component>
      <object_component id="oc-47">
         <name>.int09</name>
         <load_address>0xfff2</load_address>
         <run_address>0xfff2</run_address>
         <size>0x2</size>
         <input_file_ref idref="fl-33"/>
      </object_component>
      <object_component id="oc-48">
         <name>.int10</name>
         <load_address>0xfff4</load_address>
         <run_address>0xfff4</run_address>
         <size>0x2</size>
         <input_file_ref idref="fl-34"/>
      </object_component>
      <object_component id="oc-49">
         <name>.int11</name>
         <load_address>0xfff6</load_address>
         <run_address>0xfff6</run_address>
         <size>0x2</size>
         <input_file_ref idref="fl-35"/>
      </object_component>
      <object_component id="oc-4a">
         <name>.int12</name>
         <load_address>0xfff8</load_address>
         <run_address>0xfff8</run_address>
         <size>0x2</size>
         <input_file_ref idref="fl-2"/>
      </object_component>
      <object_component id="oc-4b">
         <name>.int13</name>
         <load_address>0xfffa</load_address>
         <run_address>0xfffa</run_address>
         <size>0x2</size>
         <input_file_ref idref="fl-36"/>
      </object_component>
      <object_component id="oc-4c">
         <name>.int14</name>
         <load_address>0xfffc</load_address>
         <run_address>0xfffc</run_address>
         <size>0x2</size>
         <input_file_ref idref="fl-37"/>
      </object_component>
      <object_component id="oc-b4">
         <name>.reset</name>
         <load_address>0xfffe</load_address>
         <run_address>0xfffe</run_address>
         <size>0x2</size>
         <input_file_ref idref="fl-3b"/>
      </object_component>
      <object_component id="oc-141">
         <name>.debug_info</name>
         <load_address>0x0</load_address>
         <run_address>0x0</run_address>
         <size>0x17a</size>
         <input_file_ref idref="fl-2"/>
      </object_component>
      <object_component id="oc-146">
         <name>.debug_info</name>
         <load_address>0x17a</load_address>
         <run_address>0x17a</run_address>
         <size>0x111</size>
         <input_file_ref idref="fl-2"/>
      </object_component>
      <object_component id="oc-1e3">
         <name>.debug_info</name>
         <load_address>0x28b</load_address>
         <run_address>0x28b</run_address>
         <size>0x111</size>
         <input_file_ref idref="fl-2"/>
      </object_component>
      <object_component id="oc-1df">
         <name>.debug_info</name>
         <load_address>0x39c</load_address>
         <run_address>0x39c</run_address>
         <size>0x111</size>
         <input_file_ref idref="fl-2"/>
      </object_component>
      <object_component id="oc-1d1">
         <name>.debug_info</name>
         <load_address>0x4ad</load_address>
         <run_address>0x4ad</run_address>
         <size>0x2a7</size>
         <input_file_ref idref="fl-2"/>
      </object_component>
      <object_component id="oc-1d8">
         <name>.debug_info</name>
         <load_address>0x754</load_address>
         <run_address>0x754</run_address>
         <size>0x10d</size>
         <input_file_ref idref="fl-2"/>
      </object_component>
      <object_component id="oc-1ea">
         <name>.debug_info</name>
         <load_address>0x861</load_address>
         <run_address>0x861</run_address>
         <size>0x2a5</size>
         <input_file_ref idref="fl-2"/>
      </object_component>
      <object_component id="oc-15c">
         <name>.debug_info</name>
         <load_address>0xb06</load_address>
         <run_address>0xb06</run_address>
         <size>0x197</size>
         <input_file_ref idref="fl-2"/>
      </object_component>
      <object_component id="oc-13e">
         <name>.debug_info</name>
         <load_address>0xc9d</load_address>
         <run_address>0xc9d</run_address>
         <size>0x35b</size>
         <input_file_ref idref="fl-2"/>
      </object_component>
      <object_component id="oc-e3">
         <name>.debug_info</name>
         <load_address>0xff8</load_address>
         <run_address>0xff8</run_address>
         <size>0x13b</size>
         <input_file_ref idref="fl-2"/>
      </object_component>
      <object_component id="oc-ca">
         <name>.debug_info</name>
         <load_address>0x1133</load_address>
         <run_address>0x1133</run_address>
         <size>0x84</size>
         <input_file_ref idref="fl-2"/>
      </object_component>
      <object_component id="oc-33c">
         <name>.debug_info</name>
         <load_address>0x11b7</load_address>
         <run_address>0x11b7</run_address>
         <size>0x1a5</size>
         <input_file_ref idref="fl-3"/>
      </object_component>
      <object_component id="oc-26f">
         <name>.debug_info</name>
         <load_address>0x135c</load_address>
         <run_address>0x135c</run_address>
         <size>0x17f</size>
         <input_file_ref idref="fl-3"/>
      </object_component>
      <object_component id="oc-1c5">
         <name>.debug_info</name>
         <load_address>0x14db</load_address>
         <run_address>0x14db</run_address>
         <size>0x222</size>
         <input_file_ref idref="fl-3"/>
      </object_component>
      <object_component id="oc-2a5">
         <name>.debug_info</name>
         <load_address>0x16fd</load_address>
         <run_address>0x16fd</run_address>
         <size>0x1d3</size>
         <input_file_ref idref="fl-3"/>
      </object_component>
      <object_component id="oc-390">
         <name>.debug_info</name>
         <load_address>0x18d0</load_address>
         <run_address>0x18d0</run_address>
         <size>0x1d7</size>
         <input_file_ref idref="fl-4"/>
      </object_component>
      <object_component id="oc-327">
         <name>.debug_info</name>
         <load_address>0x1aa7</load_address>
         <run_address>0x1aa7</run_address>
         <size>0x10c</size>
         <input_file_ref idref="fl-4"/>
      </object_component>
      <object_component id="oc-384">
         <name>.debug_info</name>
         <load_address>0x1bb3</load_address>
         <run_address>0x1bb3</run_address>
         <size>0x10e</size>
         <input_file_ref idref="fl-4"/>
      </object_component>
      <object_component id="oc-38d">
         <name>.debug_info</name>
         <load_address>0x1cc1</load_address>
         <run_address>0x1cc1</run_address>
         <size>0x15a</size>
         <input_file_ref idref="fl-4"/>
      </object_component>
      <object_component id="oc-283">
         <name>.debug_info</name>
         <load_address>0x1e1b</load_address>
         <run_address>0x1e1b</run_address>
         <size>0x11a</size>
         <input_file_ref idref="fl-4"/>
      </object_component>
      <object_component id="oc-32f">
         <name>.debug_info</name>
         <load_address>0x1f35</load_address>
         <run_address>0x1f35</run_address>
         <size>0x1a3</size>
         <input_file_ref idref="fl-4"/>
      </object_component>
      <object_component id="oc-27d">
         <name>.debug_info</name>
         <load_address>0x20d8</load_address>
         <run_address>0x20d8</run_address>
         <size>0x122</size>
         <input_file_ref idref="fl-4"/>
      </object_component>
      <object_component id="oc-33a">
         <name>.debug_info</name>
         <load_address>0x21fa</load_address>
         <run_address>0x21fa</run_address>
         <size>0x176</size>
         <input_file_ref idref="fl-5"/>
      </object_component>
      <object_component id="oc-2a2">
         <name>.debug_info</name>
         <load_address>0x2370</load_address>
         <run_address>0x2370</run_address>
         <size>0xec</size>
         <input_file_ref idref="fl-5"/>
      </object_component>
      <object_component id="oc-292">
         <name>.debug_info</name>
         <load_address>0x245c</load_address>
         <run_address>0x245c</run_address>
         <size>0x180</size>
         <input_file_ref idref="fl-5"/>
      </object_component>
      <object_component id="oc-29f">
         <name>.debug_info</name>
         <load_address>0x25dc</load_address>
         <run_address>0x25dc</run_address>
         <size>0x17c</size>
         <input_file_ref idref="fl-5"/>
      </object_component>
      <object_component id="oc-298">
         <name>.debug_info</name>
         <load_address>0x2758</load_address>
         <run_address>0x2758</run_address>
         <size>0x188</size>
         <input_file_ref idref="fl-5"/>
      </object_component>
      <object_component id="oc-2ab">
         <name>.debug_info</name>
         <load_address>0x28e0</load_address>
         <run_address>0x28e0</run_address>
         <size>0x12d</size>
         <input_file_ref idref="fl-5"/>
      </object_component>
      <object_component id="oc-28e">
         <name>.debug_info</name>
         <load_address>0x2a0d</load_address>
         <run_address>0x2a0d</run_address>
         <size>0x240</size>
         <input_file_ref idref="fl-6"/>
      </object_component>
      <object_component id="oc-31e">
         <name>.debug_info</name>
         <load_address>0x2c4d</load_address>
         <run_address>0x2c4d</run_address>
         <size>0x101</size>
         <input_file_ref idref="fl-6"/>
      </object_component>
      <object_component id="oc-289">
         <name>.debug_info</name>
         <load_address>0x2d4e</load_address>
         <run_address>0x2d4e</run_address>
         <size>0x185</size>
         <input_file_ref idref="fl-6"/>
      </object_component>
      <object_component id="oc-1cd">
         <name>.debug_info</name>
         <load_address>0x2ed3</load_address>
         <run_address>0x2ed3</run_address>
         <size>0x1c9</size>
         <input_file_ref idref="fl-6"/>
      </object_component>
      <object_component id="oc-26c">
         <name>.debug_info</name>
         <load_address>0x309c</load_address>
         <run_address>0x309c</run_address>
         <size>0x289</size>
         <input_file_ref idref="fl-6"/>
      </object_component>
      <object_component id="oc-237">
         <name>.debug_info</name>
         <load_address>0x3325</load_address>
         <run_address>0x3325</run_address>
         <size>0x120</size>
         <input_file_ref idref="fl-21"/>
      </object_component>
      <object_component id="oc-2b7">
         <name>.debug_info</name>
         <load_address>0x3445</load_address>
         <run_address>0x3445</run_address>
         <size>0x135</size>
         <input_file_ref idref="fl-22"/>
      </object_component>
      <object_component id="oc-341">
         <name>.debug_info</name>
         <load_address>0x357a</load_address>
         <run_address>0x357a</run_address>
         <size>0x121</size>
         <input_file_ref idref="fl-23"/>
      </object_component>
      <object_component id="oc-c0">
         <name>.debug_info</name>
         <load_address>0x369b</load_address>
         <run_address>0x369b</run_address>
         <size>0x12e</size>
         <input_file_ref idref="fl-26"/>
      </object_component>
      <object_component id="oc-1a5">
         <name>.debug_info</name>
         <load_address>0x37c9</load_address>
         <run_address>0x37c9</run_address>
         <size>0x121</size>
         <input_file_ref idref="fl-27"/>
      </object_component>
      <object_component id="oc-1aa">
         <name>.debug_info</name>
         <load_address>0x38ea</load_address>
         <run_address>0x38ea</run_address>
         <size>0x121</size>
         <input_file_ref idref="fl-28"/>
      </object_component>
      <object_component id="oc-1ba">
         <name>.debug_info</name>
         <load_address>0x3a0b</load_address>
         <run_address>0x3a0b</run_address>
         <size>0x12a</size>
         <input_file_ref idref="fl-29"/>
      </object_component>
      <object_component id="oc-1bd">
         <name>.debug_info</name>
         <load_address>0x3b35</load_address>
         <run_address>0x3b35</run_address>
         <size>0x121</size>
         <input_file_ref idref="fl-2a"/>
      </object_component>
      <object_component id="oc-1b5">
         <name>.debug_info</name>
         <load_address>0x3c56</load_address>
         <run_address>0x3c56</run_address>
         <size>0x135</size>
         <input_file_ref idref="fl-2b"/>
      </object_component>
      <object_component id="oc-dd">
         <name>.debug_info</name>
         <load_address>0x3d8b</load_address>
         <run_address>0x3d8b</run_address>
         <size>0x10f</size>
         <input_file_ref idref="fl-38"/>
      </object_component>
      <object_component id="oc-b6">
         <name>.debug_info</name>
         <load_address>0x3e9a</load_address>
         <run_address>0x3e9a</run_address>
         <size>0x120</size>
         <input_file_ref idref="fl-39"/>
      </object_component>
      <object_component id="oc-bc">
         <name>.debug_info</name>
         <load_address>0x3fba</load_address>
         <run_address>0x3fba</run_address>
         <size>0x120</size>
         <input_file_ref idref="fl-3a"/>
      </object_component>
      <object_component id="oc-b2">
         <name>.debug_info</name>
         <load_address>0x40da</load_address>
         <run_address>0x40da</run_address>
         <size>0x100</size>
         <input_file_ref idref="fl-3b"/>
      </object_component>
      <object_component id="oc-fc">
         <name>.debug_info</name>
         <load_address>0x41da</load_address>
         <run_address>0x41da</run_address>
         <size>0x17a</size>
         <input_file_ref idref="fl-3b"/>
      </object_component>
      <object_component id="oc-2d3">
         <name>.debug_info</name>
         <load_address>0x4354</load_address>
         <run_address>0x4354</run_address>
         <size>0x3de</size>
         <input_file_ref idref="fl-3c"/>
      </object_component>
      <object_component id="oc-1fc">
         <name>.debug_info</name>
         <load_address>0x4732</load_address>
         <run_address>0x4732</run_address>
         <size>0x1e0</size>
         <input_file_ref idref="fl-3c"/>
      </object_component>
      <object_component id="oc-35b">
         <name>.debug_info</name>
         <load_address>0x4912</load_address>
         <run_address>0x4912</run_address>
         <size>0x39</size>
         <input_file_ref idref="fl-3c"/>
      </object_component>
      <object_component id="oc-36c">
         <name>.debug_info</name>
         <load_address>0x494b</load_address>
         <run_address>0x494b</run_address>
         <size>0x2c</size>
         <input_file_ref idref="fl-3c"/>
      </object_component>
      <object_component id="oc-2de">
         <name>.debug_info</name>
         <load_address>0x4977</load_address>
         <run_address>0x4977</run_address>
         <size>0x2c</size>
         <input_file_ref idref="fl-3c"/>
      </object_component>
      <object_component id="oc-360">
         <name>.debug_info</name>
         <load_address>0x49a3</load_address>
         <run_address>0x49a3</run_address>
         <size>0xcd</size>
         <input_file_ref idref="fl-3c"/>
      </object_component>
      <object_component id="oc-130">
         <name>.debug_info</name>
         <load_address>0x4a70</load_address>
         <run_address>0x4a70</run_address>
         <size>0x2c</size>
         <input_file_ref idref="fl-3d"/>
      </object_component>
      <object_component id="oc-159">
         <name>.debug_info</name>
         <load_address>0x4a9c</load_address>
         <run_address>0x4a9c</run_address>
         <size>0x153</size>
         <input_file_ref idref="fl-40"/>
      </object_component>
      <object_component id="oc-2ce">
         <name>.debug_info</name>
         <load_address>0x4bef</load_address>
         <run_address>0x4bef</run_address>
         <size>0x150</size>
         <input_file_ref idref="fl-41"/>
      </object_component>
      <object_component id="oc-db">
         <name>.debug_info</name>
         <load_address>0x4d3f</load_address>
         <run_address>0x4d3f</run_address>
         <size>0x180</size>
         <input_file_ref idref="fl-42"/>
      </object_component>
      <object_component id="oc-3d">
         <name>.debug_info</name>
         <load_address>0x4ebf</load_address>
         <run_address>0x4ebf</run_address>
         <size>0x1ea</size>
         <input_file_ref idref="fl-42"/>
      </object_component>
      <object_component id="oc-d6">
         <name>.debug_info</name>
         <load_address>0x50a9</load_address>
         <run_address>0x50a9</run_address>
         <size>0x46</size>
         <input_file_ref idref="fl-42"/>
      </object_component>
      <object_component id="oc-135">
         <name>.debug_info</name>
         <load_address>0x50ef</load_address>
         <run_address>0x50ef</run_address>
         <size>0x2c</size>
         <input_file_ref idref="fl-42"/>
      </object_component>
      <object_component id="oc-12d">
         <name>.debug_info</name>
         <load_address>0x511b</load_address>
         <run_address>0x511b</run_address>
         <size>0x176</size>
         <input_file_ref idref="fl-43"/>
      </object_component>
      <object_component id="oc-35">
         <name>.debug_info</name>
         <load_address>0x5291</load_address>
         <run_address>0x5291</run_address>
         <size>0x292</size>
         <input_file_ref idref="fl-43"/>
      </object_component>
      <object_component id="oc-c5">
         <name>.debug_info</name>
         <load_address>0x5523</load_address>
         <run_address>0x5523</run_address>
         <size>0x60</size>
         <input_file_ref idref="fl-43"/>
      </object_component>
      <object_component id="oc-177">
         <name>.debug_info</name>
         <load_address>0x5583</load_address>
         <run_address>0x5583</run_address>
         <size>0x46</size>
         <input_file_ref idref="fl-43"/>
      </object_component>
      <object_component id="oc-128">
         <name>.debug_info</name>
         <load_address>0x55c9</load_address>
         <run_address>0x55c9</run_address>
         <size>0x39</size>
         <input_file_ref idref="fl-43"/>
      </object_component>
      <object_component id="oc-24e">
         <name>.debug_info</name>
         <load_address>0x5602</load_address>
         <run_address>0x5602</run_address>
         <size>0x1a7</size>
         <input_file_ref idref="fl-44"/>
      </object_component>
      <object_component id="oc-192">
         <name>.debug_info</name>
         <load_address>0x57a9</load_address>
         <run_address>0x57a9</run_address>
         <size>0x257</size>
         <input_file_ref idref="fl-44"/>
      </object_component>
      <object_component id="oc-241">
         <name>.debug_info</name>
         <load_address>0x5a00</load_address>
         <run_address>0x5a00</run_address>
         <size>0x94</size>
         <input_file_ref idref="fl-44"/>
      </object_component>
      <object_component id="oc-25f">
         <name>.debug_info</name>
         <load_address>0x5a94</load_address>
         <run_address>0x5a94</run_address>
         <size>0x165</size>
         <input_file_ref idref="fl-45"/>
      </object_component>
      <object_component id="oc-1ad">
         <name>.debug_info</name>
         <load_address>0x5bf9</load_address>
         <run_address>0x5bf9</run_address>
         <size>0x1d4</size>
         <input_file_ref idref="fl-45"/>
      </object_component>
      <object_component id="oc-260">
         <name>.debug_info</name>
         <load_address>0x5dcd</load_address>
         <run_address>0x5dcd</run_address>
         <size>0xdb</size>
         <input_file_ref idref="fl-45"/>
      </object_component>
      <object_component id="oc-185">
         <name>.debug_info</name>
         <load_address>0x5ea8</load_address>
         <run_address>0x5ea8</run_address>
         <size>0x166</size>
         <input_file_ref idref="fl-46"/>
      </object_component>
      <object_component id="oc-2f3">
         <name>.debug_info</name>
         <load_address>0x600e</load_address>
         <run_address>0x600e</run_address>
         <size>0x16b</size>
         <input_file_ref idref="fl-47"/>
      </object_component>
      <object_component id="oc-22f">
         <name>.debug_info</name>
         <load_address>0x6179</load_address>
         <run_address>0x6179</run_address>
         <size>0x21b</size>
         <input_file_ref idref="fl-47"/>
      </object_component>
      <object_component id="oc-314">
         <name>.debug_info</name>
         <load_address>0x6394</load_address>
         <run_address>0x6394</run_address>
         <size>0x1a0</size>
         <input_file_ref idref="fl-48"/>
      </object_component>
      <object_component id="oc-249">
         <name>.debug_info</name>
         <load_address>0x6534</load_address>
         <run_address>0x6534</run_address>
         <size>0x329</size>
         <input_file_ref idref="fl-48"/>
      </object_component>
      <object_component id="oc-246">
         <name>.debug_info</name>
         <load_address>0x685d</load_address>
         <run_address>0x685d</run_address>
         <size>0x1a2</size>
         <input_file_ref idref="fl-49"/>
      </object_component>
      <object_component id="oc-18c">
         <name>.debug_info</name>
         <load_address>0x69ff</load_address>
         <run_address>0x69ff</run_address>
         <size>0x2e0</size>
         <input_file_ref idref="fl-49"/>
      </object_component>
      <object_component id="oc-37b">
         <name>.debug_info</name>
         <load_address>0x6cdf</load_address>
         <run_address>0x6cdf</run_address>
         <size>0x172</size>
         <input_file_ref idref="fl-4a"/>
      </object_component>
      <object_component id="oc-30f">
         <name>.debug_info</name>
         <load_address>0x6e51</load_address>
         <run_address>0x6e51</run_address>
         <size>0x1f9</size>
         <input_file_ref idref="fl-4a"/>
      </object_component>
      <object_component id="oc-197">
         <name>.debug_info</name>
         <load_address>0x704a</load_address>
         <run_address>0x704a</run_address>
         <size>0x18d</size>
         <input_file_ref idref="fl-4b"/>
      </object_component>
      <object_component id="oc-256">
         <name>.debug_info</name>
         <load_address>0x71d7</load_address>
         <run_address>0x71d7</run_address>
         <size>0x165</size>
         <input_file_ref idref="fl-4c"/>
      </object_component>
      <object_component id="oc-19e">
         <name>.debug_info</name>
         <load_address>0x733c</load_address>
         <run_address>0x733c</run_address>
         <size>0x1d8</size>
         <input_file_ref idref="fl-4c"/>
      </object_component>
      <object_component id="oc-1f2">
         <name>.debug_info</name>
         <load_address>0x7514</load_address>
         <run_address>0x7514</run_address>
         <size>0x122</size>
         <input_file_ref idref="fl-4d"/>
      </object_component>
      <object_component id="oc-12f">
         <name>.debug_info</name>
         <load_address>0x7636</load_address>
         <run_address>0x7636</run_address>
         <size>0x181</size>
         <input_file_ref idref="fl-50"/>
      </object_component>
      <object_component id="oc-d3">
         <name>.debug_info</name>
         <load_address>0x77b7</load_address>
         <run_address>0x77b7</run_address>
         <size>0x17a</size>
         <input_file_ref idref="fl-50"/>
      </object_component>
      <object_component id="oc-323">
         <name>.debug_info</name>
         <load_address>0x7931</load_address>
         <run_address>0x7931</run_address>
         <size>0x16d</size>
         <input_file_ref idref="fl-51"/>
      </object_component>
      <object_component id="oc-278">
         <name>.debug_info</name>
         <load_address>0x7a9e</load_address>
         <run_address>0x7a9e</run_address>
         <size>0x275</size>
         <input_file_ref idref="fl-51"/>
      </object_component>
      <object_component id="oc-309">
         <name>.debug_info</name>
         <load_address>0x7d13</load_address>
         <run_address>0x7d13</run_address>
         <size>0x120</size>
         <input_file_ref idref="fl-52"/>
      </object_component>
      <object_component id="oc-25a">
         <name>.debug_info</name>
         <load_address>0x7e33</load_address>
         <run_address>0x7e33</run_address>
         <size>0x126</size>
         <input_file_ref idref="fl-52"/>
      </object_component>
      <object_component id="oc-2ff">
         <name>.debug_info</name>
         <load_address>0x7f59</load_address>
         <run_address>0x7f59</run_address>
         <size>0x120</size>
         <input_file_ref idref="fl-53"/>
      </object_component>
      <object_component id="oc-251">
         <name>.debug_info</name>
         <load_address>0x8079</load_address>
         <run_address>0x8079</run_address>
         <size>0x126</size>
         <input_file_ref idref="fl-53"/>
      </object_component>
      <object_component id="oc-305">
         <name>.debug_info</name>
         <load_address>0x819f</load_address>
         <run_address>0x819f</run_address>
         <size>0x120</size>
         <input_file_ref idref="fl-54"/>
      </object_component>
      <object_component id="oc-2ef">
         <name>.debug_info</name>
         <load_address>0x82bf</load_address>
         <run_address>0x82bf</run_address>
         <size>0x126</size>
         <input_file_ref idref="fl-54"/>
      </object_component>
      <object_component id="oc-2fb">
         <name>.debug_info</name>
         <load_address>0x83e5</load_address>
         <run_address>0x83e5</run_address>
         <size>0x172</size>
         <input_file_ref idref="fl-58"/>
      </object_component>
      <object_component id="oc-23d">
         <name>.debug_info</name>
         <load_address>0x8557</load_address>
         <run_address>0x8557</run_address>
         <size>0x3ab</size>
         <input_file_ref idref="fl-58"/>
      </object_component>
      <object_component id="oc-2f6">
         <name>.debug_info</name>
         <load_address>0x8902</load_address>
         <run_address>0x8902</run_address>
         <size>0x121</size>
         <input_file_ref idref="fl-59"/>
      </object_component>
      <object_component id="oc-3ec">
         <name>.debug_info</name>
         <load_address>0x8a23</load_address>
         <run_address>0x8a23</run_address>
         <size>0xb0</size>
      </object_component>
      <object_component id="oc-182">
         <name>.debug_line</name>
         <load_address>0x0</load_address>
         <run_address>0x0</run_address>
         <size>0x2d</size>
         <input_file_ref idref="fl-2"/>
      </object_component>
      <object_component id="oc-144">
         <name>.debug_line</name>
         <load_address>0x2d</load_address>
         <run_address>0x2d</run_address>
         <size>0x40</size>
         <input_file_ref idref="fl-2"/>
      </object_component>
      <object_component id="oc-1e7">
         <name>.debug_line</name>
         <load_address>0x6d</load_address>
         <run_address>0x6d</run_address>
         <size>0x43</size>
         <input_file_ref idref="fl-2"/>
      </object_component>
      <object_component id="oc-1dd">
         <name>.debug_line</name>
         <load_address>0xb0</load_address>
         <run_address>0xb0</run_address>
         <size>0x43</size>
         <input_file_ref idref="fl-2"/>
      </object_component>
      <object_component id="oc-1d4">
         <name>.debug_line</name>
         <load_address>0xf3</load_address>
         <run_address>0xf3</run_address>
         <size>0x56</size>
         <input_file_ref idref="fl-2"/>
      </object_component>
      <object_component id="oc-1d7">
         <name>.debug_line</name>
         <load_address>0x149</load_address>
         <run_address>0x149</run_address>
         <size>0x43</size>
         <input_file_ref idref="fl-2"/>
      </object_component>
      <object_component id="oc-1e9">
         <name>.debug_line</name>
         <load_address>0x18c</load_address>
         <run_address>0x18c</run_address>
         <size>0x5c</size>
         <input_file_ref idref="fl-2"/>
      </object_component>
      <object_component id="oc-15f">
         <name>.debug_line</name>
         <load_address>0x1e8</load_address>
         <run_address>0x1e8</run_address>
         <size>0x55</size>
         <input_file_ref idref="fl-2"/>
      </object_component>
      <object_component id="oc-14a">
         <name>.debug_line</name>
         <load_address>0x23d</load_address>
         <run_address>0x23d</run_address>
         <size>0x55</size>
         <input_file_ref idref="fl-2"/>
      </object_component>
      <object_component id="oc-e2">
         <name>.debug_line</name>
         <load_address>0x292</load_address>
         <run_address>0x292</run_address>
         <size>0x52</size>
         <input_file_ref idref="fl-2"/>
      </object_component>
      <object_component id="oc-cd">
         <name>.debug_line</name>
         <load_address>0x2e4</load_address>
         <run_address>0x2e4</run_address>
         <size>0x20</size>
         <input_file_ref idref="fl-2"/>
      </object_component>
      <object_component id="oc-394">
         <name>.debug_line</name>
         <load_address>0x304</load_address>
         <run_address>0x304</run_address>
         <size>0x49</size>
         <input_file_ref idref="fl-3"/>
      </object_component>
      <object_component id="oc-272">
         <name>.debug_line</name>
         <load_address>0x34d</load_address>
         <run_address>0x34d</run_address>
         <size>0x50</size>
         <input_file_ref idref="fl-3"/>
      </object_component>
      <object_component id="oc-1c9">
         <name>.debug_line</name>
         <load_address>0x39d</load_address>
         <run_address>0x39d</run_address>
         <size>0x8e</size>
         <input_file_ref idref="fl-3"/>
      </object_component>
      <object_component id="oc-2a9">
         <name>.debug_line</name>
         <load_address>0x42b</load_address>
         <run_address>0x42b</run_address>
         <size>0x71</size>
         <input_file_ref idref="fl-3"/>
      </object_component>
      <object_component id="oc-3a8">
         <name>.debug_line</name>
         <load_address>0x49c</load_address>
         <run_address>0x49c</run_address>
         <size>0x5b</size>
         <input_file_ref idref="fl-4"/>
      </object_component>
      <object_component id="oc-329">
         <name>.debug_line</name>
         <load_address>0x4f7</load_address>
         <run_address>0x4f7</run_address>
         <size>0x49</size>
         <input_file_ref idref="fl-4"/>
      </object_component>
      <object_component id="oc-387">
         <name>.debug_line</name>
         <load_address>0x540</load_address>
         <run_address>0x540</run_address>
         <size>0x49</size>
         <input_file_ref idref="fl-4"/>
      </object_component>
      <object_component id="oc-38a">
         <name>.debug_line</name>
         <load_address>0x589</load_address>
         <run_address>0x589</run_address>
         <size>0x59</size>
         <input_file_ref idref="fl-4"/>
      </object_component>
      <object_component id="oc-286">
         <name>.debug_line</name>
         <load_address>0x5e2</load_address>
         <run_address>0x5e2</run_address>
         <size>0x43</size>
         <input_file_ref idref="fl-4"/>
      </object_component>
      <object_component id="oc-32e">
         <name>.debug_line</name>
         <load_address>0x625</load_address>
         <run_address>0x625</run_address>
         <size>0x60</size>
         <input_file_ref idref="fl-4"/>
      </object_component>
      <object_component id="oc-27c">
         <name>.debug_line</name>
         <load_address>0x685</load_address>
         <run_address>0x685</run_address>
         <size>0x49</size>
         <input_file_ref idref="fl-4"/>
      </object_component>
      <object_component id="oc-392">
         <name>.debug_line</name>
         <load_address>0x6ce</load_address>
         <run_address>0x6ce</run_address>
         <size>0x20</size>
         <input_file_ref idref="fl-5"/>
      </object_component>
      <object_component id="oc-339">
         <name>.debug_line</name>
         <load_address>0x6ee</load_address>
         <run_address>0x6ee</run_address>
         <size>0x34</size>
         <input_file_ref idref="fl-5"/>
      </object_component>
      <object_component id="oc-290">
         <name>.debug_line</name>
         <load_address>0x722</load_address>
         <run_address>0x722</run_address>
         <size>0x47</size>
         <input_file_ref idref="fl-5"/>
      </object_component>
      <object_component id="oc-29e">
         <name>.debug_line</name>
         <load_address>0x769</load_address>
         <run_address>0x769</run_address>
         <size>0x47</size>
         <input_file_ref idref="fl-5"/>
      </object_component>
      <object_component id="oc-29a">
         <name>.debug_line</name>
         <load_address>0x7b0</load_address>
         <run_address>0x7b0</run_address>
         <size>0x3c1</size>
         <input_file_ref idref="fl-5"/>
      </object_component>
      <object_component id="oc-2af">
         <name>.debug_line</name>
         <load_address>0xb71</load_address>
         <run_address>0xb71</run_address>
         <size>0x4d</size>
         <input_file_ref idref="fl-5"/>
      </object_component>
      <object_component id="oc-334">
         <name>.debug_line</name>
         <load_address>0xbbe</load_address>
         <run_address>0xbbe</run_address>
         <size>0x30</size>
         <input_file_ref idref="fl-6"/>
      </object_component>
      <object_component id="oc-37f">
         <name>.debug_line</name>
         <load_address>0xbee</load_address>
         <run_address>0xbee</run_address>
         <size>0x35</size>
         <input_file_ref idref="fl-6"/>
      </object_component>
      <object_component id="oc-28b">
         <name>.debug_line</name>
         <load_address>0xc23</load_address>
         <run_address>0xc23</run_address>
         <size>0x48</size>
         <input_file_ref idref="fl-6"/>
      </object_component>
      <object_component id="oc-1cb">
         <name>.debug_line</name>
         <load_address>0xc6b</load_address>
         <run_address>0xc6b</run_address>
         <size>0x5d</size>
         <input_file_ref idref="fl-6"/>
      </object_component>
      <object_component id="oc-26a">
         <name>.debug_line</name>
         <load_address>0xcc8</load_address>
         <run_address>0xcc8</run_address>
         <size>0x79</size>
         <input_file_ref idref="fl-6"/>
      </object_component>
      <object_component id="oc-236">
         <name>.debug_line</name>
         <load_address>0xd41</load_address>
         <run_address>0xd41</run_address>
         <size>0x4e</size>
         <input_file_ref idref="fl-21"/>
      </object_component>
      <object_component id="oc-2b6">
         <name>.debug_line</name>
         <load_address>0xd8f</load_address>
         <run_address>0xd8f</run_address>
         <size>0x4d</size>
         <input_file_ref idref="fl-22"/>
      </object_component>
      <object_component id="oc-33f">
         <name>.debug_line</name>
         <load_address>0xddc</load_address>
         <run_address>0xddc</run_address>
         <size>0x43</size>
         <input_file_ref idref="fl-23"/>
      </object_component>
      <object_component id="oc-c3">
         <name>.debug_line</name>
         <load_address>0xe1f</load_address>
         <run_address>0xe1f</run_address>
         <size>0x40</size>
         <input_file_ref idref="fl-26"/>
      </object_component>
      <object_component id="oc-1a3">
         <name>.debug_line</name>
         <load_address>0xe5f</load_address>
         <run_address>0xe5f</run_address>
         <size>0xbb</size>
         <input_file_ref idref="fl-27"/>
      </object_component>
      <object_component id="oc-1a9">
         <name>.debug_line</name>
         <load_address>0xf1a</load_address>
         <run_address>0xf1a</run_address>
         <size>0x83</size>
         <input_file_ref idref="fl-28"/>
      </object_component>
      <object_component id="oc-1b8">
         <name>.debug_line</name>
         <load_address>0xf9d</load_address>
         <run_address>0xf9d</run_address>
         <size>0x55</size>
         <input_file_ref idref="fl-29"/>
      </object_component>
      <object_component id="oc-1c0">
         <name>.debug_line</name>
         <load_address>0xff2</load_address>
         <run_address>0xff2</run_address>
         <size>0x94</size>
         <input_file_ref idref="fl-2a"/>
      </object_component>
      <object_component id="oc-1b4">
         <name>.debug_line</name>
         <load_address>0x1086</load_address>
         <run_address>0x1086</run_address>
         <size>0x68</size>
         <input_file_ref idref="fl-2b"/>
      </object_component>
      <object_component id="oc-e0">
         <name>.debug_line</name>
         <load_address>0x10ee</load_address>
         <run_address>0x10ee</run_address>
         <size>0x3d</size>
         <input_file_ref idref="fl-38"/>
      </object_component>
      <object_component id="oc-b9">
         <name>.debug_line</name>
         <load_address>0x112b</load_address>
         <run_address>0x112b</run_address>
         <size>0x4e</size>
         <input_file_ref idref="fl-39"/>
      </object_component>
      <object_component id="oc-bb">
         <name>.debug_line</name>
         <load_address>0x1179</load_address>
         <run_address>0x1179</run_address>
         <size>0x5e</size>
         <input_file_ref idref="fl-3a"/>
      </object_component>
      <object_component id="oc-124">
         <name>.debug_line</name>
         <load_address>0x11d7</load_address>
         <run_address>0x11d7</run_address>
         <size>0x2a</size>
         <input_file_ref idref="fl-3b"/>
      </object_component>
      <object_component id="oc-fb">
         <name>.debug_line</name>
         <load_address>0x1201</load_address>
         <run_address>0x1201</run_address>
         <size>0x46</size>
         <input_file_ref idref="fl-3b"/>
      </object_component>
      <object_component id="oc-35a">
         <name>.debug_line</name>
         <load_address>0x1247</load_address>
         <run_address>0x1247</run_address>
         <size>0xbf</size>
         <input_file_ref idref="fl-3c"/>
      </object_component>
      <object_component id="oc-1ff">
         <name>.debug_line</name>
         <load_address>0x1306</load_address>
         <run_address>0x1306</run_address>
         <size>0x73</size>
         <input_file_ref idref="fl-3c"/>
      </object_component>
      <object_component id="oc-35e">
         <name>.debug_line</name>
         <load_address>0x1379</load_address>
         <run_address>0x1379</run_address>
         <size>0x2e</size>
         <input_file_ref idref="fl-3c"/>
      </object_component>
      <object_component id="oc-36f">
         <name>.debug_line</name>
         <load_address>0x13a7</load_address>
         <run_address>0x13a7</run_address>
         <size>0x9a</size>
         <input_file_ref idref="fl-3c"/>
      </object_component>
      <object_component id="oc-2e1">
         <name>.debug_line</name>
         <load_address>0x1441</load_address>
         <run_address>0x1441</run_address>
         <size>0x97</size>
         <input_file_ref idref="fl-3c"/>
      </object_component>
      <object_component id="oc-363">
         <name>.debug_line</name>
         <load_address>0x14d8</load_address>
         <run_address>0x14d8</run_address>
         <size>0x93</size>
         <input_file_ref idref="fl-3c"/>
      </object_component>
      <object_component id="oc-133">
         <name>.debug_line</name>
         <load_address>0x156b</load_address>
         <run_address>0x156b</run_address>
         <size>0x92</size>
         <input_file_ref idref="fl-3d"/>
      </object_component>
      <object_component id="oc-158">
         <name>.debug_line</name>
         <load_address>0x15fd</load_address>
         <run_address>0x15fd</run_address>
         <size>0x3e</size>
         <input_file_ref idref="fl-40"/>
      </object_component>
      <object_component id="oc-2cd">
         <name>.debug_line</name>
         <load_address>0x163b</load_address>
         <run_address>0x163b</run_address>
         <size>0x3a</size>
         <input_file_ref idref="fl-41"/>
      </object_component>
      <object_component id="oc-13b">
         <name>.debug_line</name>
         <load_address>0x1675</load_address>
         <run_address>0x1675</run_address>
         <size>0x20</size>
         <input_file_ref idref="fl-42"/>
      </object_component>
      <object_component id="oc-3b">
         <name>.debug_line</name>
         <load_address>0x1695</load_address>
         <run_address>0x1695</run_address>
         <size>0x50</size>
         <input_file_ref idref="fl-42"/>
      </object_component>
      <object_component id="oc-d9">
         <name>.debug_line</name>
         <load_address>0x16e5</load_address>
         <run_address>0x16e5</run_address>
         <size>0x3a</size>
         <input_file_ref idref="fl-42"/>
      </object_component>
      <object_component id="oc-138">
         <name>.debug_line</name>
         <load_address>0x171f</load_address>
         <run_address>0x171f</run_address>
         <size>0x92</size>
         <input_file_ref idref="fl-42"/>
      </object_component>
      <object_component id="oc-17d">
         <name>.debug_line</name>
         <load_address>0x17b1</load_address>
         <run_address>0x17b1</run_address>
         <size>0x20</size>
         <input_file_ref idref="fl-43"/>
      </object_component>
      <object_component id="oc-39">
         <name>.debug_line</name>
         <load_address>0x17d1</load_address>
         <run_address>0x17d1</run_address>
         <size>0x92</size>
         <input_file_ref idref="fl-43"/>
      </object_component>
      <object_component id="oc-c8">
         <name>.debug_line</name>
         <load_address>0x1863</load_address>
         <run_address>0x1863</run_address>
         <size>0x3a</size>
         <input_file_ref idref="fl-43"/>
      </object_component>
      <object_component id="oc-17a">
         <name>.debug_line</name>
         <load_address>0x189d</load_address>
         <run_address>0x189d</run_address>
         <size>0x9a</size>
         <input_file_ref idref="fl-43"/>
      </object_component>
      <object_component id="oc-12b">
         <name>.debug_line</name>
         <load_address>0x1937</load_address>
         <run_address>0x1937</run_address>
         <size>0x96</size>
         <input_file_ref idref="fl-43"/>
      </object_component>
      <object_component id="oc-316">
         <name>.debug_line</name>
         <load_address>0x19cd</load_address>
         <run_address>0x19cd</run_address>
         <size>0x2d</size>
         <input_file_ref idref="fl-44"/>
      </object_component>
      <object_component id="oc-191">
         <name>.debug_line</name>
         <load_address>0x19fa</load_address>
         <run_address>0x19fa</run_address>
         <size>0xcb</size>
         <input_file_ref idref="fl-44"/>
      </object_component>
      <object_component id="oc-244">
         <name>.debug_line</name>
         <load_address>0x1ac5</load_address>
         <run_address>0x1ac5</run_address>
         <size>0x2e</size>
         <input_file_ref idref="fl-44"/>
      </object_component>
      <object_component id="oc-31c">
         <name>.debug_line</name>
         <load_address>0x1af3</load_address>
         <run_address>0x1af3</run_address>
         <size>0x20</size>
         <input_file_ref idref="fl-45"/>
      </object_component>
      <object_component id="oc-1b0">
         <name>.debug_line</name>
         <load_address>0x1b13</load_address>
         <run_address>0x1b13</run_address>
         <size>0x57</size>
         <input_file_ref idref="fl-45"/>
      </object_component>
      <object_component id="oc-263">
         <name>.debug_line</name>
         <load_address>0x1b6a</load_address>
         <run_address>0x1b6a</run_address>
         <size>0x2e</size>
         <input_file_ref idref="fl-45"/>
      </object_component>
      <object_component id="oc-189">
         <name>.debug_line</name>
         <load_address>0x1b98</load_address>
         <run_address>0x1b98</run_address>
         <size>0x3d</size>
         <input_file_ref idref="fl-46"/>
      </object_component>
      <object_component id="oc-373">
         <name>.debug_line</name>
         <load_address>0x1bd5</load_address>
         <run_address>0x1bd5</run_address>
         <size>0x20</size>
         <input_file_ref idref="fl-47"/>
      </object_component>
[...]
         <value>0xe08e</value>
         <object_component_ref idref="oc-bf"/>
      </symbol>
      <symbol id="sm-27c">
         <name>__mspabi_func_epilog_5</name>
         <value>0xe08c</value>
         <object_component_ref idref="oc-bf"/>
      </symbol>
      <symbol id="sm-297">
         <name>__mspabi_subf</name>
         <value>0xd12a</value>
         <object_component_ref idref="oc-1a2"/>
      </symbol>
      <symbol id="sm-298">
         <name>__mspabi_addf</name>
         <value>0xd130</value>
         <object_component_ref idref="oc-1a2"/>
      </symbol>
      <symbol id="sm-2aa">
         <name>__mspabi_divf</name>
         <value>0xd7b6</value>
         <object_component_ref idref="oc-1a7"/>
      </symbol>
      <symbol id="sm-2b7">
         <name>__mspabi_fltif</name>
         <value>0xddde</value>
         <object_component_ref idref="oc-1b7"/>
      </symbol>
      <symbol id="sm-2ce">
         <name>__mspabi_mpyf</name>
         <value>0xd418</value>
         <object_component_ref idref="oc-1bc"/>
      </symbol>
      <symbol id="sm-2e0">
         <name>__mspabi_fixfi</name>
         <value>0xdac0</value>
         <object_component_ref idref="oc-1b2"/>
      </symbol>
      <symbol id="sm-2e3">
         <name>__TI_int00</name>
         <value>0xffe0</value>
         <object_component_ref idref="oc-40"/>
      </symbol>
      <symbol id="sm-2e6">
         <name>__TI_int02</name>
         <value>0xffe4</value>
         <object_component_ref idref="oc-41"/>
      </symbol>
      <symbol id="sm-2e9">
         <name>__TI_int03</name>
         <value>0xffe6</value>
         <object_component_ref idref="oc-42"/>
      </symbol>
      <symbol id="sm-2ec">
         <name>__TI_int05</name>
         <value>0xffea</value>
         <object_component_ref idref="oc-43"/>
      </symbol>
      <symbol id="sm-2ef">
         <name>__TI_int06</name>
         <value>0xffec</value>
         <object_component_ref idref="oc-44"/>
      </symbol>
      <symbol id="sm-2f2">
         <name>__TI_int07</name>
         <value>0xffee</value>
         <object_component_ref idref="oc-45"/>
      </symbol>
      <symbol id="sm-2f5">
         <name>__TI_int08</name>
         <value>0xfff0</value>
         <object_component_ref idref="oc-46"/>
      </symbol>
      <symbol id="sm-2f8">
         <name>__TI_int09</name>
         <value>0xfff2</value>
         <object_component_ref idref="oc-47"/>
      </symbol>
      <symbol id="sm-2fb">
         <name>__TI_int10</name>
         <value>0xfff4</value>
         <object_component_ref idref="oc-48"/>
      </symbol>
      <symbol id="sm-2fe">
         <name>__TI_int11</name>
         <value>0xfff6</value>
         <object_component_ref idref="oc-49"/>
      </symbol>
      <symbol id="sm-301">
         <name>__TI_int13</name>
         <value>0xfffa</value>
         <object_component_ref idref="oc-4b"/>
      </symbol>
      <symbol id="sm-304">
         <name>__TI_int14</name>
         <value>0xfffc</value>
         <object_component_ref idref="oc-4c"/>
      </symbol>
      <symbol id="sm-30c">
         <name>__TI_ISR_TRAP</name>
         <value>0xe0b2</value>
         <object_component_ref idref="oc-dc"/>
      </symbol>
      <symbol id="sm-314">
         <name>__mspabi_slli</name>
         <value>0xde9a</value>
         <object_component_ref idref="oc-b5"/>
      </symbol>
      <symbol id="sm-315">
         <name>__mspabi_slli_9</name>
         <value>0xdeb2</value>
         <object_component_ref idref="oc-b5"/>
      </symbol>
      <symbol id="sm-316">
         <name>__mspabi_slli_8</name>
         <value>0xdeb4</value>
         <object_component_ref idref="oc-b5"/>
      </symbol>
      <symbol id="sm-317">
         <name>__mspabi_slli_7</name>
         <value>0xdeb6</value>
         <object_component_ref idref="oc-b5"/>
      </symbol>
      <symbol id="sm-318">
         <name>__mspabi_slli_6</name>
         <value>0xdeb8</value>
         <object_component_ref idref="oc-b5"/>
      </symbol>
      <symbol id="sm-319">
         <name>__mspabi_slli_5</name>
         <value>0xdeba</value>
         <object_component_ref idref="oc-b5"/>
      </symbol>
      <symbol id="sm-31a">
         <name>__mspabi_slli_4</name>
         <value>0xdebc</value>
         <object_component_ref idref="oc-b5"/>
      </symbol>
      <symbol id="sm-31b">
         <name>__mspabi_slli_3</name>
         <value>0xdebe</value>
         <object_component_ref idref="oc-b5"/>
      </symbol>
      <symbol id="sm-31c">
         <name>__mspabi_slli_2</name>
         <value>0xdec0</value>
         <object_component_ref idref="oc-b5"/>
      </symbol>
      <symbol id="sm-31d">
         <name>__mspabi_slli_1</name>
         <value>0xdec2</value>
         <object_component_ref idref="oc-b5"/>
      </symbol>
      <symbol id="sm-31e">
         <name>__mspabi_slli_15</name>
         <value>0xdea6</value>
         <object_component_ref idref="oc-b5"/>
      </symbol>
      <symbol id="sm-31f">
         <name>__mspabi_slli_14</name>
         <value>0xdea8</value>
         <object_component_ref idref="oc-b5"/>
      </symbol>
      <symbol id="sm-320">
         <name>__mspabi_slli_13</name>
         <value>0xdeaa</value>
         <object_component_ref idref="oc-b5"/>
      </symbol>
      <symbol id="sm-321">
         <name>__mspabi_slli_12</name>
         <value>0xdeac</value>
         <object_component_ref idref="oc-b5"/>
      </symbol>
      <symbol id="sm-322">
         <name>__mspabi_slli_11</name>
         <value>0xdeae</value>
         <object_component_ref idref="oc-b5"/>
      </symbol>
      <symbol id="sm-323">
         <name>__mspabi_slli_10</name>
         <value>0xdeb0</value>
         <object_component_ref idref="oc-b5"/>
      </symbol>
      <symbol id="sm-32b">
         <name>__mspabi_srli_8</name>
         <value>0xdc50</value>
         <object_component_ref idref="oc-ba"/>
      </symbol>
      <symbol id="sm-32c">
         <name>__mspabi_srli_9</name>
         <value>0xdc4c</value>
         <object_component_ref idref="oc-ba"/>
      </symbol>
      <symbol id="sm-32d">
         <name>__mspabi_srli_6</name>
         <value>0xdc58</value>
         <object_component_ref idref="oc-ba"/>
      </symbol>
      <symbol id="sm-32e">
         <name>__mspabi_srli_7</name>
         <value>0xdc54</value>
         <object_component_ref idref="oc-ba"/>
      </symbol>
      <symbol id="sm-32f">
         <name>__mspabi_srli_4</name>
         <value>0xdc60</value>
         <object_component_ref idref="oc-ba"/>
      </symbol>
      <symbol id="sm-330">
         <name>__mspabi_srli_5</name>
         <value>0xdc5c</value>
         <object_component_ref idref="oc-ba"/>
      </symbol>
      <symbol id="sm-331">
         <name>__mspabi_srli_2</name>
         <value>0xdc68</value>
         <object_component_ref idref="oc-ba"/>
      </symbol>
      <symbol id="sm-332">
         <name>__mspabi_srli_3</name>
         <value>0xdc64</value>
         <object_component_ref idref="oc-ba"/>
      </symbol>
      <symbol id="sm-333">
         <name>__mspabi_srli_1</name>
         <value>0xdc6c</value>
         <object_component_ref idref="oc-ba"/>
      </symbol>
      <symbol id="sm-334">
         <name>__mspabi_srli</name>
         <value>0xdc26</value>
         <object_component_ref idref="oc-ba"/>
      </symbol>
      <symbol id="sm-335">
         <name>__mspabi_srli_15</name>
         <value>0xdc34</value>
         <object_component_ref idref="oc-ba"/>
      </symbol>
      <symbol id="sm-336">
         <name>__mspabi_srli_14</name>
         <value>0xdc38</value>
         <object_component_ref idref="oc-ba"/>
      </symbol>
      <symbol id="sm-337">
         <name>__mspabi_srli_13</name>
         <value>0xdc3c</value>
         <object_component_ref idref="oc-ba"/>
      </symbol>
      <symbol id="sm-338">
         <name>__mspabi_srli_12</name>
         <value>0xdc40</value>
         <object_component_ref idref="oc-ba"/>
      </symbol>
      <symbol id="sm-339">
         <name>__mspabi_srli_11</name>
         <value>0xdc44</value>
         <object_component_ref idref="oc-ba"/>
      </symbol>
      <symbol id="sm-33a">
         <name>__mspabi_srli_10</name>
         <value>0xdc48</value>
         <object_component_ref idref="oc-ba"/>
      </symbol>
      <symbol id="sm-34a">
         <name>_stack</name>
         <value>0x3b0</value>
         <object_component_ref idref="oc-b1"/>
      </symbol>
      <symbol id="sm-34b">
         <name>_c_int00_noargs</name>
         <value>0xdf92</value>
         <object_component_ref idref="oc-f9"/>
      </symbol>
      <symbol id="sm-34c">
         <name>_reset_vector</name>
         <value>0xfffe</value>
         <object_component_ref idref="oc-b4"/>
      </symbol>
      <symbol id="sm-36e">
         <name>__TI_auto_init_nobinit_nopinit</name>
         <value>0xdc72</value>
         <object_component_ref idref="oc-1fb"/>
      </symbol>
      <symbol id="sm-37f">
         <name>_system_pre_init</name>
         <value>0xe0c6</value>
         <object_component_ref idref="oc-155"/>
      </symbol>
      <symbol id="sm-388">
         <name>_system_post_cinit</name>
         <value>0xe0cc</value>
         <object_component_ref idref="oc-2cc"/>
      </symbol>
      <symbol id="sm-39e">
         <name>__TI_decompress_none</name>
         <value>0xe020</value>
         <object_component_ref idref="oc-3a"/>
      </symbol>
      <symbol id="sm-3c1">
         <name>__TI_decompress_lzss</name>
         <value>0xd966</value>
         <object_component_ref idref="oc-34"/>
      </symbol>
      <symbol id="sm-3e8">
         <name>__mspabi_addd</name>
         <value>0xc53a</value>
         <object_component_ref idref="oc-190"/>
      </symbol>
      <symbol id="sm-3fe">
         <name>__mspabi_cvtfd</name>
         <value>0xd9e2</value>
         <object_component_ref idref="oc-1ac"/>
      </symbol>
      <symbol id="sm-407">
         <name>__mspabi_fltid</name>
         <value>0xe0a6</value>
         <object_component_ref idref="oc-184"/>
      </symbol>
      <symbol id="sm-41e">
         <name>__mspabi_fltlid</name>
         <value>0xd70a</value>
         <object_component_ref idref="oc-22e"/>
      </symbol>
      <symbol id="sm-43f">
         <name>__TI_frcaddd</name>
         <value>0xcd28</value>
         <object_component_ref idref="oc-247"/>
      </symbol>
      <symbol id="sm-461">
         <name>__mspabi_mpyd</name>
         <value>0xcaba</value>
         <object_component_ref idref="oc-18a"/>
      </symbol>
      <symbol id="sm-474">
         <name>__TI_renormd</name>
         <value>0xd4dc</value>
         <object_component_ref idref="oc-30d"/>
      </symbol>
      <symbol id="sm-47d">
         <name>__mspabi_subd</name>
         <value>0xde14</value>
         <object_component_ref idref="oc-196"/>
      </symbol>
      <symbol id="sm-490">
         <name>__mspabi_cvtdf</name>
         <value>0xd852</value>
         <object_component_ref idref="oc-19c"/>
      </symbol>
      <symbol id="sm-49a">
         <name>C$$EXIT</name>
         <value>0xe0ba</value>
         <object_component_ref idref="oc-1ef"/>
      </symbol>
      <symbol id="sm-49b">
         <name>abort</name>
         <value>0xe0ba</value>
         <object_component_ref idref="oc-1ef"/>
      </symbol>
      <symbol id="sm-4ab">
         <name>memcpy</name>
         <value>0xe056</value>
         <object_component_ref idref="oc-cf"/>
      </symbol>
      <symbol id="sm-4b9">
         <name>memset</name>
         <value>0xe00c</value>
         <object_component_ref idref="oc-275"/>
      </symbol>
      <symbol id="sm-4c9">
         <name>__mspabi_sral</name>
         <value>0xe068</value>
         <object_component_ref idref="oc-308"/>
      </symbol>
      <symbol id="sm-4ca">
         <name>__mspabi_sral_15</name>
         <value>0xdcf6</value>
         <object_component_ref idref="oc-259"/>
      </symbol>
      <symbol id="sm-4cb">
         <name>__mspabi_sral_14</name>
         <value>0xdcfa</value>
         <object_component_ref idref="oc-259"/>
      </symbol>
      <symbol id="sm-4cc">
         <name>__mspabi_sral_13</name>
         <value>0xdcfe</value>
         <object_component_ref idref="oc-259"/>
      </symbol>
      <symbol id="sm-4cd">
         <name>__mspabi_sral_12</name>
         <value>0xdd02</value>
         <object_component_ref idref="oc-259"/>
      </symbol>
      <symbol id="sm-4ce">
         <name>__mspabi_sral_11</name>
         <value>0xdd06</value>
         <object_component_ref idref="oc-259"/>
      </symbol>
      <symbol id="sm-4cf">
         <name>__mspabi_sral_10</name>
         <value>0xdd0a</value>
         <object_component_ref idref="oc-259"/>
      </symbol>
      <symbol id="sm-4d0">
         <name>__mspabi_sral_8</name>
         <value>0xdd12</value>
         <object_component_ref idref="oc-259"/>
      </symbol>
      <symbol id="sm-4d1">
         <name>__mspabi_sral_9</name>
         <value>0xdd0e</value>
         <object_component_ref idref="oc-259"/>
      </symbol>
      <symbol id="sm-4d2">
         <name>__mspabi_sral_6</name>
         <value>0xdd1a</value>
         <object_component_ref idref="oc-259"/>
      </symbol>
      <symbol id="sm-4d3">
         <name>__mspabi_sral_7</name>
         <value>0xdd16</value>
         <object_component_ref idref="oc-259"/>
      </symbol>
      <symbol id="sm-4d4">
         <name>__mspabi_sral_4</name>
         <value>0xdd22</value>
         <object_component_ref idref="oc-259"/>
      </symbol>
      <symbol id="sm-4d5">
         <name>__mspabi_sral_5</name>
         <value>0xdd1e</value>
         <object_component_ref idref="oc-259"/>
      </symbol>
      <symbol id="sm-4d6">
         <name>__mspabi_sral_2</name>
         <value>0xdd2a</value>
         <object_component_ref idref="oc-259"/>
      </symbol>
      <symbol id="sm-4d7">
         <name>__mspabi_sral_3</name>
         <value>0xdd26</value>
         <object_component_ref idref="oc-259"/>
      </symbol>
      <symbol id="sm-4d8">
         <name>__mspabi_sral_1</name>
         <value>0xdd2e</value>
         <object_component_ref idref="oc-259"/>
      </symbol>
      <symbol id="sm-4e8">
         <name>__mspabi_slll_9</name>
         <value>0xdd4c</value>
         <object_component_ref idref="oc-250"/>
      </symbol>
      <symbol id="sm-4e9">
         <name>__mspabi_slll_8</name>
         <value>0xdd50</value>
         <object_component_ref idref="oc-250"/>
      </symbol>
      <symbol id="sm-4ea">
         <name>__mspabi_slll_7</name>
         <value>0xdd54</value>
         <object_component_ref idref="oc-250"/>
      </symbol>
      <symbol id="sm-4eb">
         <name>__mspabi_slll_6</name>
         <value>0xdd58</value>
         <object_component_ref idref="oc-250"/>
      </symbol>
      <symbol id="sm-4ec">
         <name>__mspabi_slll_5</name>
         <value>0xdd5c</value>
         <object_component_ref idref="oc-250"/>
      </symbol>
      <symbol id="sm-4ed">
         <name>__mspabi_slll_4</name>
         <value>0xdd60</value>
         <object_component_ref idref="oc-250"/>
      </symbol>
      <symbol id="sm-4ee">
         <name>__mspabi_slll_3</name>
         <value>0xdd64</value>
         <object_component_ref idref="oc-250"/>
      </symbol>
      <symbol id="sm-4ef">
         <name>__mspabi_slll_2</name>
         <value>0xdd68</value>
         <object_component_ref idref="oc-250"/>
      </symbol>
      <symbol id="sm-4f0">
         <name>__mspabi_slll_1</name>
         <value>0xdd6c</value>
         <object_component_ref idref="oc-250"/>
      </symbol>
      <symbol id="sm-4f1">
         <name>__mspabi_slll</name>
         <value>0xe078</value>
         <object_component_ref idref="oc-2fe"/>
      </symbol>
      <symbol id="sm-4f2">
         <name>__mspabi_slll_15</name>
         <value>0xdd34</value>
         <object_component_ref idref="oc-250"/>
      </symbol>
      <symbol id="sm-4f3">
         <name>__mspabi_slll_14</name>
         <value>0xdd38</value>
         <object_component_ref idref="oc-250"/>
      </symbol>
      <symbol id="sm-4f4">
         <name>__mspabi_slll_13</name>
         <value>0xdd3c</value>
         <object_component_ref idref="oc-250"/>
      </symbol>
      <symbol id="sm-4f5">
         <name>__mspabi_slll_12</name>
         <value>0xdd40</value>
         <object_component_ref idref="oc-250"/>
      </symbol>
      <symbol id="sm-4f6">
         <name>__mspabi_slll_11</name>
         <value>0xdd44</value>
         <object_component_ref idref="oc-250"/>
      </symbol>
      <symbol id="sm-4f7">
         <name>__mspabi_slll_10</name>
         <value>0xdd48</value>
         <object_component_ref idref="oc-250"/>
      </symbol>
      <symbol id="sm-507">
         <name>__mspabi_srll_8</name>
         <value>0xdb52</value>
         <object_component_ref idref="oc-2ed"/>
      </symbol>
      <symbol id="sm-508">
         <name>__mspabi_srll_9</name>
         <value>0xdb4c</value>
         <object_component_ref idref="oc-2ed"/>
      </symbol>
      <symbol id="sm-509">
         <name>__mspabi_srll_6</name>
         <value>0xdb5e</value>
         <object_component_ref idref="oc-2ed"/>
      </symbol>
      <symbol id="sm-50a">
         <name>__mspabi_srll_7</name>
         <value>0xdb58</value>
         <object_component_ref idref="oc-2ed"/>
      </symbol>
      <symbol id="sm-50b">
         <name>__mspabi_srll_4</name>
         <value>0xdb6a</value>
         <object_component_ref idref="oc-2ed"/>
      </symbol>
      <symbol id="sm-50c">
         <name>__mspabi_srll_5</name>
         <value>0xdb64</value>
         <object_component_ref idref="oc-2ed"/>
      </symbol>
      <symbol id="sm-50d">
         <name>__mspabi_srll_2</name>
         <value>0xdb76</value>
         <object_component_ref idref="oc-2ed"/>
      </symbol>
      <symbol id="sm-50e">
         <name>__mspabi_srll_3</name>
         <value>0xdb70</value>
         <object_component_ref idref="oc-2ed"/>
      </symbol>
      <symbol id="sm-50f">
         <name>__mspabi_srll_1</name>
         <value>0xdb7c</value>
         <object_component_ref idref="oc-2ed"/>
      </symbol>
      <symbol id="sm-510">
         <name>__mspabi_srll_15</name>
         <value>0xdb28</value>
         <object_component_ref idref="oc-2ed"/>
      </symbol>
      <symbol id="sm-511">
         <name>__mspabi_srll_14</name>
         <value>0xdb2e</value>
         <object_component_ref idref="oc-2ed"/>
      </symbol>
      <symbol id="sm-512">
         <name>__mspabi_srll_13</name>
         <value>0xdb34</value>
         <object_component_ref idref="oc-2ed"/>
      </symbol>
      <symbol id="sm-513">
         <name>__mspabi_srll_12</name>
         <value>0xdb3a</value>
         <object_component_ref idref="oc-2ed"/>
      </symbol>
      <symbol id="sm-514">
         <name>__mspabi_srll_11</name>
         <value>0xdb40</value>
         <object_component_ref idref="oc-2ed"/>
      </symbol>
      <symbol id="sm-515">
         <name>__mspabi_srll_10</name>
         <value>0xdb46</value>
         <object_component_ref idref="oc-2ed"/>
      </symbol>
      <symbol id="sm-516">
         <name>__mspabi_srll</name>
         <value>0xe044</value>
         <object_component_ref idref="oc-303"/>
      </symbol>
      <symbol id="sm-529">
         <name>__TI_frcmpyd</name>
         <value>0xc834</value>
         <object_component_ref idref="oc-23a"/>
      </symbol>
      <symbol id="sm-533">
         <name>__mspabi_mpyl_sw</name>
         <value>0xdf12</value>
         <object_component_ref idref="oc-2f5"/>
      </symbol>
      <symbol id="sm-534">
         <name>__mspabi_mpyl</name>
         <value>0xdf12</value>
         <object_component_ref idref="oc-2f5"/>
      </symbol>
      <symbol id="sm-537">
         <name>LCD_Init</name>
         <value>0xd25c</value>
      </symbol>
   </symbol_table>
   <title>Link successful</title>
</link_info>
